Component: ARM Compiler 5.05 update 1 (build 106) Tool: armlink [4d0efa]

==============================================================================

Section Cross References

    project0.o(i.main) refers to hal.o(i.boot_init) for boot_init
    project0.o(i.main) refers to uartstdio.o(i.UARTprintf) for UARTprintf
    startup_rvmdk.o(STACK) refers (Special) to heapauxi.o(.text) for __use_two_region_memory
    startup_rvmdk.o(HEAP) refers (Special) to heapauxi.o(.text) for __use_two_region_memory
    startup_rvmdk.o(RESET) refers (Special) to heapauxi.o(.text) for __use_two_region_memory
    startup_rvmdk.o(RESET) refers to startup_rvmdk.o(STACK) for StackMem
    startup_rvmdk.o(RESET) refers to inet.o(i.SysTickIntHandler) for SysTickIntHandler
    startup_rvmdk.o(RESET) refers to dispctl.o(i.Timer0AIntHandler) for Timer0AIntHandler
    startup_rvmdk.o(RESET) refers to dispctl.o(i.Timer0BIntHandler) for Timer0BIntHandler
    startup_rvmdk.o(RESET) refers to dispctl.o(i.Timer1AIntHandler) for Timer1AIntHandler
    startup_rvmdk.o(RESET) refers to dispctl.o(i.Timer1BIntHandler) for Timer1BIntHandler
    startup_rvmdk.o(RESET) refers to dispctl.o(i.Timer2AIntHandler) for Timer2AIntHandler
    startup_rvmdk.o(RESET) refers to lwiplib.o(i.lwIPEthernetIntHandler) for lwIPEthernetIntHandler
    startup_rvmdk.o(RESET) refers to __main.o(!!!main) for __main
    startup_rvmdk.o(.text) refers (Special) to heapauxi.o(.text) for __use_two_region_memory
    startup_rvmdk.o(.text) refers to startup_rvmdk.o(HEAP) for HeapMem
    startup_rvmdk.o(.text) refers to startup_rvmdk.o(STACK) for StackMem
    uartstdio.o(i.UARTStdioConfig) refers to sysctl.o(i.SysCtlPeripheralPresent) for SysCtlPeripheralPresent
    uartstdio.o(i.UARTStdioConfig) refers to sysctl.o(i.SysCtlPeripheralEnable) for SysCtlPeripheralEnable
    uartstdio.o(i.UARTStdioConfig) refers to uart.o(i.UARTConfigSetExpClk) for UARTConfigSetExpClk
    uartstdio.o(i.UARTStdioConfig) refers to uart.o(i.UARTEnable) for UARTEnable
    uartstdio.o(i.UARTStdioConfig) refers to uartstdio.o(.constdata) for .constdata
    uartstdio.o(i.UARTStdioConfig) refers to uartstdio.o(.data) for .data
    uartstdio.o(i.UARTgetc) refers to uart.o(i.UARTCharGet) for UARTCharGet
    uartstdio.o(i.UARTgetc) refers to uartstdio.o(.data) for .data
    uartstdio.o(i.UARTgets) refers to uart.o(i.UARTCharGet) for UARTCharGet
    uartstdio.o(i.UARTgets) refers to uart.o(i.UARTCharPut) for UARTCharPut
    uartstdio.o(i.UARTgets) refers to uartstdio.o(.data) for .data
    uartstdio.o(i.UARTprintf) refers to uartstdio.o(i.UARTvprintf) for UARTvprintf
    uartstdio.o(i.UARTvprintf) refers to uart.o(i.UARTCharPut) for UARTCharPut
    uartstdio.o(i.UARTvprintf) refers to uartstdio.o(.data) for .data
    uartstdio.o(i.UARTvprintf) refers to uartstdio.o(.constdata) for .constdata
    uartstdio.o(i.UARTwrite) refers to uart.o(i.UARTCharPut) for UARTCharPut
    uartstdio.o(i.UARTwrite) refers to uartstdio.o(.data) for .data
    uartstdio.o(.constdata) refers to uartstdio.o(.conststring) for .conststring
    dispctl.o(i.Timer0AIntHandler) refers to timer.o(i.TimerIntClear) for TimerIntClear
    dispctl.o(i.Timer0AIntHandler) refers to timer.o(i.TimerLoadSet) for TimerLoadSet
    dispctl.o(i.Timer0AIntHandler) refers to timer.o(i.TimerEnable) for TimerEnable
    dispctl.o(i.Timer0AIntHandler) refers to dispctl.o(.data) for .data
    dispctl.o(i.Timer0BIntHandler) refers to timer.o(i.TimerIntClear) for TimerIntClear
    dispctl.o(i.Timer0BIntHandler) refers to timer.o(i.TimerLoadSet) for TimerLoadSet
    dispctl.o(i.Timer0BIntHandler) refers to timer.o(i.TimerEnable) for TimerEnable
    dispctl.o(i.Timer0BIntHandler) refers to dispctl.o(.data) for .data
    dispctl.o(i.Timer1AIntHandler) refers to timer.o(i.TimerIntClear) for TimerIntClear
    dispctl.o(i.Timer1AIntHandler) refers to timer.o(i.TimerLoadSet) for TimerLoadSet
    dispctl.o(i.Timer1AIntHandler) refers to timer.o(i.TimerEnable) for TimerEnable
    dispctl.o(i.Timer1AIntHandler) refers to dispctl.o(.data) for .data
    dispctl.o(i.Timer1BIntHandler) refers to timer.o(i.TimerIntClear) for TimerIntClear
    dispctl.o(i.Timer1BIntHandler) refers to dispctl.o(i.disp_drive_subfield) for disp_drive_subfield
    dispctl.o(i.Timer2AIntHandler) refers to timer.o(i.TimerIntClear) for TimerIntClear
    dispctl.o(i.Timer2AIntHandler) refers to gpio.o(i.GPIOPinWrite) for GPIOPinWrite
    dispctl.o(i.Timer2AIntHandler) refers to dispctl.o(i.disp_drive_subfield) for disp_drive_subfield
    dispctl.o(i.Timer2AIntHandler) refers to dispctl.o(.data) for .data
    dispctl.o(i.disp_debug) refers to uartstdio.o(i.UARTprintf) for UARTprintf
    dispctl.o(i.disp_debug) refers to dispctl.o(.data) for .data
    dispctl.o(i.disp_debug) refers to dispctl.o(.conststring) for .conststring
    dispctl.o(i.disp_drive_frame) refers to dispctl.o(i.disp_drive_subfield) for disp_drive_subfield
    dispctl.o(i.disp_drive_frame) refers to dispctl.o(.data) for .data
[...]
    HEAP                                     0x20023de0   Section        0  startup_rvmdk.o(HEAP)
    STACK                                    0x20023de0   Section     4096  startup_rvmdk.o(STACK)
    HeapMem                                  0x20023de0   Data           0  startup_rvmdk.o(HEAP)
    StackMem                                 0x20023de0   Data           0  startup_rvmdk.o(STACK)

    Global Symbols

    Symbol Name                              Value     Ov Type        Size  Object(Section)

    BuildAttributes$$THM_ISAv4$E$P$D$K$B$S$7EM$VFPi3$EXTD16$VFPS$VFMA$PE$A:L22UL41UL21$X:L11$S22US41US21$IEEE1$IW$USESV6$~STKCKD$USESV7$~SHL$OTIME$ROPI$IEEEJ$EBA8$UX$STANDARDLIB$REQ8$PRES8$EABIv2 0x00000000   Number         0  anon$$obj.o ABSOLUTE
    __ARM_use_no_argv                        0x00000000   Number         0  project0.o ABSOLUTE
    __Vectors                                0x00000000   Data           0  startup_rvmdk.o(RESET)
    _printf_flags                            0x00000000   Number         0  printf_stubs.o ABSOLUTE
    _printf_return_value                     0x00000000   Number         0  printf_stubs.o ABSOLUTE
    _printf_sizespec                         0x00000000   Number         0  printf_stubs.o ABSOLUTE
    _printf_widthprec                        0x00000000   Number         0  printf_stubs.o ABSOLUTE
    __ARM_exceptions_init                     - Undefined Weak Reference
    __alloca_initialize                       - Undefined Weak Reference
    __arm_preinit_                            - Undefined Weak Reference
    __cpp_initialize__aeabi_                  - Undefined Weak Reference
    __cxa_finalize                            - Undefined Weak Reference
    __sigvec_lookup                           - Undefined Weak Reference
    _atexit_init                              - Undefined Weak Reference
    _call_atexit_fns                          - Undefined Weak Reference
    _clock_init                               - Undefined Weak Reference
    _fp_trap_init                             - Undefined Weak Reference
    _fp_trap_shutdown                         - Undefined Weak Reference
    _get_lc_collate                           - Undefined Weak Reference
    _get_lc_monetary                          - Undefined Weak Reference
    _get_lc_time                              - Undefined Weak Reference
    _getenv_init                              - Undefined Weak Reference
    _handle_redirection                       - Undefined Weak Reference
    _init_alloc                               - Undefined Weak Reference
    _init_user_alloc                          - Undefined Weak Reference
    _initio                                   - Undefined Weak Reference
    _printf_mbtowc                            - Undefined Weak Reference
    _printf_wc                                - Undefined Weak Reference
    _rand_init                                - Undefined Weak Reference
    _signal_finish                            - Undefined Weak Reference
    _signal_init                              - Undefined Weak Reference
    _terminate_alloc                          - Undefined Weak Reference
    _terminate_user_alloc                     - Undefined Weak Reference
    _terminateio                              - Undefined Weak Reference
    Reset_Handler                            0x00000201   Thumb Code     0  startup_rvmdk.o(RESET)
    __main                                   0x0000021d   Thumb Code     8  __main.o(!!!main)
    __scatterload                            0x00000225   Thumb Code     0  __scatter.o(!!!scatter)
    __scatterload_rt2                        0x00000225   Thumb Code    44  __scatter.o(!!!scatter)
    __scatterload_rt2_thumb_only             0x00000225   Thumb Code     0  __scatter.o(!!!scatter)
    __scatterload_null                       0x00000233   Thumb Code     0  __scatter.o(!!!scatter)
    __decompress                             0x00000259   Thumb Code    90  __dczerorl2.o(!!dczerorl2)
    __decompress1                            0x00000259   Thumb Code     0  __dczerorl2.o(!!dczerorl2)
    __scatterload_zeroinit                   0x000002b5   Thumb Code    28  __scatter_zi.o(!!handler_zi)
    _printf_n                                0x000002d1   Thumb Code     0  _printf_n.o(.ARM.Collect$$_printf_percent$$00000001)
    _printf_percent                          0x000002d1   Thumb Code     0  _printf_percent.o(.ARM.Collect$$_printf_percent$$00000000)
    _printf_p                                0x000002d7   Thumb Code     0  _printf_p.o(.ARM.Collect$$_printf_percent$$00000002)
    _printf_f                                0x000002dd   Thumb Code     0  _printf_f.o(.ARM.Collect$$_printf_percent$$00000003)
    _printf_e                                0x000002e3   Thumb Code     0  _printf_e.o(.ARM.Collect$$_printf_percent$$00000004)
    _printf_g                                0x000002e9   Thumb Code     0  _printf_g.o(.ARM.Collect$$_printf_percent$$00000005)
    _printf_a                                0x000002ef   Thumb Code     0  _printf_a.o(.ARM.Collect$$_printf_percent$$00000006)
    _printf_ll                               0x000002f5   Thumb Code     0  _printf_ll.o(.ARM.Collect$$_printf_percent$$00000007)
    _printf_i                                0x000002ff   Thumb Code     0  _printf_i.o(.ARM.Collect$$_printf_percent$$00000008)
    _printf_d                                0x00000305   Thumb Code     0  _printf_d.o(.ARM.Collect$$_printf_percent$$00000009)
    _printf_u                                0x0000030b   Thumb Code     0  _printf_u.o(.ARM.Collect$$_printf_percent$$0000000A)
    _printf_o                                0x00000311   Thumb Code     0  _printf_o.o(.ARM.Collect$$_printf_percent$$0000000B)
    _printf_x                                0x00000317   Thumb Code     0  _printf_x.o(.ARM.Collect$$_printf_percent$$0000000C)
    _printf_lli                              0x0000031d   Thumb Code     0  _printf_lli.o(.ARM.Collect$$_printf_percent$$0000000D)
    _printf_lld                              0x00000323   Thumb Code     0  _printf_lld.o(.ARM.Collect$$_printf_percent$$0000000E)
    _printf_llu                              0x00000329   Thumb Code     0  _printf_llu.o(.ARM.Collect$$_printf_percent$$0000000F)
    _printf_llo                              0x0000032f   Thumb Code     0  _printf_llo.o(.ARM.Collect$$_printf_percent$$00000010)
    _printf_llx                              0x00000335   Thumb Code     0  _printf_llx.o(.ARM.Collect$$_printf_percent$$00000011)
    _printf_l                                0x0000033b   Thumb Code     0  _printf_l.o(.ARM.Collect$$_printf_percent$$00000012)
    _printf_c                                0x00000345   Thumb Code     0  _printf_c.o(.ARM.Collect$$_printf_percent$$00000013)
    _printf_s                                0x0000034b   Thumb Code     0  _printf_s.o(.ARM.Collect$$_printf_percent$$00000014)
    _printf_lc                               0x00000351   Thumb Code     0  _printf_lc.o(.ARM.Collect$$_printf_percent$$00000015)
    _printf_ls                               0x00000357   Thumb Code     0  _printf_ls.o(.ARM.Collect$$_printf_percent$$00000016)
    _printf_percent_end                      0x0000035d   Thumb Code     0  _printf_percent_end.o(.ARM.Collect$$_printf_percent$$00000017)
    __rt_lib_init                            0x00000361   Thumb Code     0  libinit.o(.ARM.Collect$$libinit$$00000000)
    __rt_lib_init_fp_1                       0x00000363   Thumb Code     0  libinit2.o(.ARM.Collect$$libinit$$00000001)
    __rt_lib_init_heap_1                     0x00000367   Thumb Code     0  libinit2.o(.ARM.Collect$$libinit$$0000000A)
    __rt_lib_init_lc_common                  0x00000367   Thumb Code     0  libinit2.o(.ARM.Collect$$libinit$$0000000F)
    __rt_lib_init_preinit_1                  0x00000367   Thumb Code     0  libinit2.o(.ARM.Collect$$libinit$$00000004)
    __rt_lib_init_rand_1                     0x00000367   Thumb Code     0  libinit2.o(.ARM.Collect$$libinit$$0000000E)
    __rt_lib_init_user_alloc_1               0x00000367   Thumb Code     0  libinit2.o(.ARM.Collect$$libinit$$0000000C)
    __rt_lib_init_lc_collate_1               0x0000036d   Thumb Code     0  libinit2.o(.ARM.Collect$$libinit$$00000011)
    __rt_lib_init_lc_ctype_2                 0x0000036d   Thumb Code     0  libinit2.o(.ARM.Collect$$libinit$$00000012)
    __rt_lib_init_lc_ctype_1                 0x00000379   Thumb Code     0  libinit2.o(.ARM.Collect$$libinit$$00000013)
    __rt_lib_init_lc_monetary_1              0x00000379   Thumb Code     0  libinit2.o(.ARM.Collect$$libinit$$00000015)
    __rt_lib_init_lc_numeric_2               0x00000379   Thumb Code     0  libinit2.o(.ARM.Collect$$libinit$$00000016)
    __rt_lib_init_alloca_1                   0x00000383   Thumb Code     0  libinit2.o(.ARM.Collect$$libinit$$0000002E)
    __rt_lib_init_argv_1                     0x00000383   Thumb Code     0  libinit2.o(.ARM.Collect$$libinit$$0000002C)
    __rt_lib_init_atexit_1                   0x00000383   Thumb Code     0  libinit2.o(.ARM.Collect$$libinit$$0000001B)
    __rt_lib_init_clock_1                    0x00000383   Thumb Code     0  libinit2.o(.ARM.Collect$$libinit$$00000021)
    __rt_lib_init_cpp_1                      0x00000383   Thumb Code     0  libinit2.o(.ARM.Collect$$libinit$$00000032)
    __rt_lib_init_exceptions_1               0x00000383   Thumb Code     0  libinit2.o(.ARM.Collect$$libinit$$00000030)
    __rt_lib_init_fp_trap_1                  0x00000383   Thumb Code     0  libinit2.o(.ARM.Collect$$libinit$$0000001F)
    __rt_lib_init_getenv_1                   0x00000383   Thumb Code     0  libinit2.o(.ARM.Collect$$libinit$$00000023)
    __rt_lib_init_lc_numeric_1               0x00000383   Thumb Code     0  libinit2.o(.ARM.Collect$$libinit$$00000017)
    __rt_lib_init_lc_time_1                  0x00000383   Thumb Code     0  libinit2.o(.ARM.Collect$$libinit$$00000019)
    __rt_lib_init_return                     0x00000383   Thumb Code     0  libinit2.o(.ARM.Collect$$libinit$$00000033)
    __rt_lib_init_signal_1                   0x00000383   Thumb Code     0  libinit2.o(.ARM.Collect$$libinit$$0000001D)
    __rt_lib_init_stdio_1                    0x00000383   Thumb Code     0  libinit2.o(.ARM.Collect$$libinit$$00000025)
    __rt_lib_shutdown                        0x00000385   Thumb Code     0  libshutdown.o(.ARM.Collect$$libshutdown$$00000000)
    __rt_lib_shutdown_fp_trap_1              0x00000387   Thumb Code     0  libshutdown2.o(.ARM.Collect$$libshutdown$$00000006)
    __rt_lib_shutdown_heap_1                 0x00000387   Thumb Code     0  libshutdown2.o(.ARM.Collect$$libshutdown$$0000000E)
    __rt_lib_shutdown_return                 0x00000387   Thumb Code     0  libshutdown2.o(.ARM.Collect$$libshutdown$$0000000F)
    __rt_lib_shutdown_signal_1               0x00000387   Thumb Code     0  libshutdown2.o(.ARM.Collect$$libshutdown$$00000009)
    __rt_lib_shutdown_stdio_1                0x00000387   Thumb Code     0  libshutdown2.o(.ARM.Collect$$libshutdown$$00000003)
    __rt_lib_shutdown_user_alloc_1           0x00000387   Thumb Code     0  libshutdown2.o(.ARM.Collect$$libshutdown$$0000000B)
    __rt_entry                               0x00000389   Thumb Code     0  __rtentry.o(.ARM.Collect$$rtentry$$00000000)
    __rt_entry_presh_1                       0x00000389   Thumb Code     0  __rtentry2.o(.ARM.Collect$$rtentry$$00000002)
    __rt_entry_sh                            0x00000389   Thumb Code     0  __rtentry4.o(.ARM.Collect$$rtentry$$00000004)
    __rt_entry_li                            0x0000038f   Thumb Code     0  __rtentry2.o(.ARM.Collect$$rtentry$$0000000A)
    __rt_entry_postsh_1                      0x0000038f   Thumb Code     0  __rtentry2.o(.ARM.Collect$$rtentry$$00000009)
    __rt_entry_main                          0x00000393   Thumb Code     0  __rtentry2.o(.ARM.Collect$$rtentry$$0000000D)
    __rt_entry_postli_1                      0x00000393   Thumb Code     0  __rtentry2.o(.ARM.Collect$$rtentry$$0000000C)
    __rt_exit                                0x0000039b   Thumb Code     0  rtexit.o(.ARM.Collect$$rtexit$$00000000)
    __rt_exit_ls                             0x0000039d   Thumb Code     0  rtexit2.o(.ARM.Collect$$rtexit$$00000003)
    __rt_exit_prels_1                        0x0000039d   Thumb Code     0  rtexit2.o(.ARM.Collect$$rtexit$$00000002)
    __rt_exit_exit                           0x000003a1   Thumb Code     0  rtexit2.o(.ARM.Collect$$rtexit$$00000004)
    SysCtlDelay                              0x000003a9   Thumb Code     6  sysctl.o(.emb_text)
    CPUcpsid                                 0x000003b1   Thumb Code     8  cpu.o(.emb_text)
    CPUprimask                               0x000003b9   Thumb Code     6  cpu.o(.emb_text)
    CPUcpsie                                 0x000003bf   Thumb Code     8  cpu.o(.emb_text)
    CPUwfi                                   0x000003c7   Thumb Code     4  cpu.o(.emb_text)
    CPUbasepriSet                            0x000003cb   Thumb Code     6  cpu.o(.emb_text)
    CPUbasepriGet                            0x000003d1   Thumb Code     6  cpu.o(.emb_text)
    __user_initial_stackheap                 0x000003d9   Thumb Code     0  startup_rvmdk.o(.text)
    tolower                                  0x000003f1   Thumb Code    26  tolower.o(.text)
    vsnprintf                                0x0000040d   Thumb Code    48  vsnprintf.o(.text)
    strtol                                   0x00000441   Thumb Code   112  strtol.o(.text)
    memcmp                                   0x000004b1   Thumb Code    88  memcmp.o(.text)
    strlen                                   0x00000509   Thumb Code    62  strlen.o(.text)
    __aeabi_memcpy                           0x00000547   Thumb Code     0  rt_memcpy_v6.o(.text)
    __rt_memcpy                              0x00000547   Thumb Code   138  rt_memcpy_v6.o(.text)
    _memcpy_lastbytes                        0x000005ad   Thumb Code     0  rt_memcpy_v6.o(.text)
    __aeabi_memclr                           0x000005d1   Thumb Code     0  rt_memclr.o(.text)
    __rt_memclr                              0x000005d1   Thumb Code    68  rt_memclr.o(.text)
    _memset                                  0x000005d5   Thumb Code     0  rt_memclr.o(.text)
    __aeabi_memclr4                          0x00000615   Thumb Code     0  rt_memclr_w.o(.text)
    __aeabi_memclr8                          0x00000615   Thumb Code     0  rt_memclr_w.o(.text)
    __rt_memclr_w                            0x00000615   Thumb Code    78  rt_memclr_w.o(.text)
    _memset_w                                0x00000619   Thumb Code     0  rt_memclr_w.o(.text)
    strcmp                                   0x00000665   Thumb Code   128  strcmpv7m.o(.text)
    __use_two_region_memory                  0x000006e5   Thumb Code     2  heapauxi.o(.text)
    __rt_heap_escrow$2region                 0x000006e7   Thumb Code     2  heapauxi.o(.text)
    __rt_heap_expand$2region                 0x000006e9   Thumb Code     2  heapauxi.o(.text)
    __rt_ctype_table                         0x000006ed   Thumb Code    16  rt_ctype_table.o(.text)
    __aeabi_errno_addr                       0x000006fd   Thumb Code     8  rt_errno_addr_intlibspace.o(.text)
    __errno$intlibspace                      0x000006fd   Thumb Code     0  rt_errno_addr_intlibspace.o(.text)
    __rt_errno_addr$intlibspace              0x000006fd   Thumb Code     0  rt_errno_addr_intlibspace.o(.text)
    _printf_pre_padding                      0x00000705   Thumb Code    44  _printf_pad.o(.text)
    _printf_post_padding                     0x00000731   Thumb Code    34  _printf_pad.o(.text)
    _printf_truncate_signed                  0x00000753   Thumb Code    18  _printf_truncate.o(.text)
    _printf_truncate_unsigned                0x00000765   Thumb Code    18  _printf_truncate.o(.text)
    _printf_str                              0x00000777   Thumb Code    82  _printf_str.o(.text)
    _printf_int_dec                          0x000007c9   Thumb Code   104  _printf_dec.o(.text)
    _printf_charcount                        0x00000841   Thumb Code    40  _printf_charcount.o(.text)
    _printf_char_common                      0x00000873   Thumb Code    32  _printf_char_common.o(.text)
    _sputc                                   0x00000899   Thumb Code    10  _sputc.o(.text)
    _snputc                                  0x000008a3   Thumb Code    16  _snputc.o(.text)
    _printf_wctomb                           0x000008b5   Thumb Code   182  _printf_wctomb.o(.text)
    _printf_longlong_dec                     0x00000971   Thumb Code   108  _printf_longlong_dec.o(.text)
    _printf_longlong_oct                     0x000009ed   Thumb Code    68  _printf_oct_int_ll.o(.text)
    _printf_int_oct                          0x00000a31   Thumb Code    24  _printf_oct_int_ll.o(.text)
    _printf_ll_oct                           0x00000a49   Thumb Code    12  _printf_oct_int_ll.o(.text)
    _printf_longlong_hex                     0x00000a5d   Thumb Code    86  _printf_hex_int_ll_ptr.o(.text)
    _printf_int_hex                          0x00000ab3   Thumb Code    28  _printf_hex_int_ll_ptr.o(.text)
    _printf_ll_hex                           0x00000acf   Thumb Code    12  _printf_hex_int_ll_ptr.o(.text)
    _printf_hex_ptr                          0x00000adb   Thumb Code    18  _printf_hex_int_ll_ptr.o(.text)
    __printf                                 0x00000af1   Thumb Code   388  __printf_flags_ss_wp.o(.text)
    _strtoul                                 0x00000c79   Thumb Code   158  _strtoul.o(.text)
    __aeabi_memcpy4                          0x00000d17   Thumb Code     0  rt_memcpy_w.o(.text)
    __aeabi_memcpy8                          0x00000d17   Thumb Code     0  rt_memcpy_w.o(.text)
    __rt_memcpy_w                            0x00000d17   Thumb Code   100  rt_memcpy_w.o(.text)
    _memcpy_lastbytes_aligned                0x00000d5f   Thumb Code     0  rt_memcpy_w.o(.text)
    __user_libspace                          0x00000d7d   Thumb Code     8  libspace.o(.text)
    __user_perproc_libspace                  0x00000d7d   Thumb Code     0  libspace.o(.text)
    __user_perthread_libspace                0x00000d7d   Thumb Code     0  libspace.o(.text)
    __rt_locale                              0x00000d85   Thumb Code     8  rt_locale_intlibspace.o(.text)
    _ll_udiv10                               0x00000d8d   Thumb Code   138  lludiv10.o(.text)
    _printf_int_common                       0x00000e17   Thumb Code   178  _printf_intcommon.o(.text)
    __lib_sel_fp_printf                      0x00000ec9   Thumb Code     2  _printf_fp_dec.o(.text)
    _printf_fp_dec_real                      0x00001077   Thumb Code   620  _printf_fp_dec.o(.text)
    _printf_fp_hex_real                      0x000012e5   Thumb Code   754  _printf_fp_hex.o(.text)
    _printf_cs_common                        0x000015e1   Thumb Code    20  _printf_char.o(.text)
    _printf_char                             0x000015f5   Thumb Code    16  _printf_char.o(.text)
    _printf_string                           0x00001605   Thumb Code     8  _printf_char.o(.text)
    _printf_lcs_common                       0x0000160d   Thumb Code    20  _printf_wchar.o(.text)
    _printf_wchar                            0x00001621   Thumb Code    16  _printf_wchar.o(.text)
    _printf_wstring                          0x00001631   Thumb Code     8  _printf_wchar.o(.text)
    _chval                                   0x00001639   Thumb Code    28  _chval.o(.text)
    _wcrtomb                                 0x00001655   Thumb Code    64  _wcrtomb.o(.text)
    __user_setup_stackheap                   0x00001695   Thumb Code    74  sys_stackheap_outer.o(.text)
    _printf_fp_infnan                        0x000016e1   Thumb Code   112  _printf_fp_infnan.o(.text)
    _btod_etento                             0x00001761   Thumb Code   216  bigflt0.o(.text)
    exit                                     0x0000183d   Thumb Code    12  exit.o(.text)
    _sys_exit                                0x00001849   Thumb Code     8  sys_exit.o(.text)
    __I$use$semihosting                      0x00001855   Thumb Code     0  use_no_semi.o(.text)
    __use_no_semihosting_swi                 0x00001855   Thumb Code     2  use_no_semi.o(.text)
    __semihosting_library_function           0x00001857   Thumb Code     0  indicate_semi.o(.text)
    _btod_d2e                                0x00001857   Thumb Code    62  btod.o(CL$$btod_d2e)
    _d2e_denorm_low                          0x00001895   Thumb Code    70  btod.o(CL$$btod_d2e_denorm_low)
    _d2e_norm_op1                            0x000018db   Thumb Code    96  btod.o(CL$$btod_d2e_norm_op1)
    __btod_div_common                        0x0000193b   Thumb Code   696  btod.o(CL$$btod_div_common)
    _e2e                                     0x00001c73   Thumb Code   198  btod.o(CL$$btod_e2e)
    _btod_ediv                               0x00001d39   Thumb Code    40  btod.o(CL$$btod_ediv)
    _btod_emul                               0x00001d61   Thumb Code    40  btod.o(CL$$btod_emul)
    __btod_mult_common                       0x00001d89   Thumb Code   580  btod.o(CL$$btod_mult_common)
    EMACAddrGet                              0x00001fcd   Thumb Code    30  emac.o(i.EMACAddrGet)
    EMACAddrSet                              0x00001feb   Thumb Code    34  emac.o(i.EMACAddrSet)
    EMACConfigGet                            0x0000200d   Thumb Code    62  emac.o(i.EMACConfigGet)
    EMACConfigSet                            0x00002051   Thumb Code    50  emac.o(i.EMACConfigSet)
    EMACFrameFilterSet                       0x00002089   Thumb Code    12  emac.o(i.EMACFrameFilterSet)
    EMACInit                                 0x00002099   Thumb Code   126  emac.o(i.EMACInit)
    EMACIntClear                             0x00002121   Thumb Code    60  emac.o(i.EMACIntClear)
    EMACIntEnable                            0x0000215d   Thumb Code    66  emac.o(i.EMACIntEnable)
    EMACIntStatus                            0x0000219f   Thumb Code    46  emac.o(i.EMACIntStatus)
    EMACPHYConfigSet                         0x000021cd   Thumb Code   100  emac.o(i.EMACPHYConfigSet)
    EMACPHYRead                              0x0000223d   Thumb Code    42  emac.o(i.EMACPHYRead)
    EMACPHYWrite                             0x00002267   Thumb Code    42  emac.o(i.EMACPHYWrite)
    EMACRxDMADescriptorListSet               0x00002291   Thumb Code     6  emac.o(i.EMACRxDMADescriptorListSet)
    EMACRxEnable                             0x00002297   Thumb Code    22  emac.o(i.EMACRxEnable)
    EMACTimestampIntStatus                   0x000022ad   Thumb Code     6  emac.o(i.EMACTimestampIntStatus)
    EMACTxDMADescriptorListSet               0x000022b3   Thumb Code     6  emac.o(i.EMACTxDMADescriptorListSet)
    EMACTxDMAPollDemand                      0x000022b9   Thumb Code     8  emac.o(i.EMACTxDMAPollDemand)
    EMACTxEnable                             0x000022c1   Thumb Code    22  emac.o(i.EMACTxEnable)
    FlashUserGet                             0x000022d9   Thumb Code    18  flash.o(i.FlashUserGet)
    GPIODirModeSet                           0x000022f1   Thumb Code    40  gpio.o(i.GPIODirModeSet)
    GPIOPadConfigSet                         0x00002319   Thumb Code   312  gpio.o(i.GPIOPadConfigSet)
    GPIOPinConfigure                         0x00002451   Thumb Code    60  gpio.o(i.GPIOPinConfigure)
    GPIOPinTypeGPIOOutput                    0x00002495   Thumb Code    28  gpio.o(i.GPIOPinTypeGPIOOutput)
    GPIOPinTypeSSI                           0x000024b1   Thumb Code    28  gpio.o(i.GPIOPinTypeSSI)
    GPIOPinTypeUART                          0x000024cd   Thumb Code    28  gpio.o(i.GPIOPinTypeUART)
    GPIOPinWrite                             0x000024e9   Thumb Code     6  gpio.o(i.GPIOPinWrite)
    InitDMADescriptors                       0x000024f1   Thumb Code   168  lwiplib.o(i.InitDMADescriptors)
    IntEnable                                0x000025ad   Thumb Code    92  interrupt.o(i.IntEnable)
    IntMasterDisable                         0x00002611   Thumb Code    14  interrupt.o(i.IntMasterDisable)
    IntMasterEnable                          0x0000261f   Thumb Code    14  interrupt.o(i.IntMasterEnable)
    IntPrioritySet                           0x0000262d   Thumb Code    36  interrupt.o(i.IntPrioritySet)
    SSIAdvFrameHoldEnable                    0x00002655   Thumb Code    10  ssi.o(i.SSIAdvFrameHoldEnable)
    SSIAdvModeSet                            0x0000265f   Thumb Code    12  ssi.o(i.SSIAdvModeSet)
    SSIConfigSetExpClk                       0x0000266b   Thumb Code    58  ssi.o(i.SSIConfigSetExpClk)
    SSIEnable                                0x000026a5   Thumb Code    10  ssi.o(i.SSIEnable)
    SysCtlClockFreqSet                       0x000026b1   Thumb Code   666  sysctl.o(i.SysCtlClockFreqSet)
    SysCtlMOSCConfigSet                      0x00002975   Thumb Code     6  sysctl.o(i.SysCtlMOSCConfigSet)
    SysCtlPeripheralDisable                  0x00002981   Thumb Code    36  sysctl.o(i.SysCtlPeripheralDisable)
    SysCtlPeripheralEnable                   0x000029a9   Thumb Code    36  sysctl.o(i.SysCtlPeripheralEnable)
    SysCtlPeripheralPresent                  0x000029d1   Thumb Code    40  sysctl.o(i.SysCtlPeripheralPresent)
    SysCtlPeripheralReady                    0x000029fd   Thumb Code    40  sysctl.o(i.SysCtlPeripheralReady)
    SysCtlPeripheralReset                    0x00002a29   Thumb Code    56  sysctl.o(i.SysCtlPeripheralReset)
    SysCtlReset                              0x00002a65   Thumb Code     8  sysctl.o(i.SysCtlReset)
    SysTickEnable                            0x00002a75   Thumb Code    14  systick.o(i.SysTickEnable)
    SysTickIntEnable                         0x00002a83   Thumb Code    14  systick.o(i.SysTickIntEnable)
    SysTickIntHandler                        0x00002a91   Thumb Code     6  inet.o(i.SysTickIntHandler)
    SysTickPeriodSet                         0x00002a97   Thumb Code    10  systick.o(i.SysTickPeriodSet)
    Timer0AIntHandler                        0x00002aa1   Thumb Code    74  dispctl.o(i.Timer0AIntHandler)
    Timer0BIntHandler                        0x00002af9   Thumb Code    76  dispctl.o(i.Timer0BIntHandler)
    Timer1AIntHandler                        0x00002b51   Thumb Code    70  dispctl.o(i.Timer1AIntHandler)
    Timer1BIntHandler                        0x00002ba5   Thumb Code    20  dispctl.o(i.Timer1BIntHandler)
    Timer2AIntHandler                        0x00002bbd   Thumb Code   208  dispctl.o(i.Timer2AIntHandler)
    TimerConfigure                           0x00002c99   Thumb Code    88  timer.o(i.TimerConfigure)
    TimerDisable                             0x00002cf9   Thumb Code    16  timer.o(i.TimerDisable)
    TimerEnable                              0x00002d09   Thumb Code    14  timer.o(i.TimerEnable)
    TimerIntClear                            0x00002d17   Thumb Code     4  timer.o(i.TimerIntClear)
    TimerIntEnable                           0x00002d1b   Thumb Code     8  timer.o(i.TimerIntEnable)
    TimerLoadSet                             0x00002d23   Thumb Code    18  timer.o(i.TimerLoadSet)
    TimerMatchSet                            0x00002d35   Thumb Code    18  timer.o(i.TimerMatchSet)
    TimerPrescaleSet                         0x00002d47   Thumb Code    18  timer.o(i.TimerPrescaleSet)
    UARTCharPut                              0x00002d59   Thumb Code    12  uart.o(i.UARTCharPut)
    UARTConfigSetExpClk                      0x00002d65   Thumb Code   110  uart.o(i.UARTConfigSetExpClk)
    UARTEnable                               0x00002dd3   Thumb Code    20  uart.o(i.UARTEnable)
    UARTStdioConfig                          0x00002de9   Thumb Code    68  uartstdio.o(i.UARTStdioConfig)
    UARTprintf                               0x00002e39   Thumb Code    18  uartstdio.o(i.UARTprintf)
    UARTvprintf                              0x00002e4d   Thumb Code   650  uartstdio.o(i.UARTvprintf)
    __ARM_common_memclr4_10                  0x000030ed   Thumb Code    10  inet.o(i.__ARM_common_memclr4_10)
    __ARM_fpclassify                         0x000030f7   Thumb Code    48  fpclassify.o(i.__ARM_fpclassify)
    _is_digit                                0x00003127   Thumb Code    14  __printf_wp.o(i._is_digit)
    autoip_arp_reply                         0x00003151   Thumb Code   208  lwiplib.o(i.autoip_arp_reply)
    autoip_start                             0x00003225   Thumb Code   210  lwiplib.o(i.autoip_start)
    autoip_tmr                               0x0000331d   Thumb Code   358  lwiplib.o(i.autoip_tmr)
    boot_init                                0x00003495   Thumb Code   256  hal.o(i.boot_init)
    cmd_blue                                 0x000036f5   Thumb Code    32  inet.o(i.cmd_blue)
    cmd_brightness                           0x00003751   Thumb Code    40  inet.o(i.cmd_brightness)
    cmd_clear                                0x000037b5   Thumb Code    22  inet.o(i.cmd_clear)
    cmd_commit                               0x000037cb   Thumb Code     6  inet.o(i.cmd_commit)
    cmd_dispoff                              0x000037d1   Thumb Code    20  inet.o(i.cmd_dispoff)
    cmd_dispon                               0x000037fd   Thumb Code    20  inet.o(i.cmd_dispon)
    cmd_green                                0x00003829   Thumb Code    32  inet.o(i.cmd_green)
    cmd_help                                 0x00003865   Thumb Code   122  inet.o(i.cmd_help)
    cmd_red                                  0x00003959   Thumb Code    32  inet.o(i.cmd_red)
    cmd_reset                                0x00003995   Thumb Code    20  inet.o(i.cmd_reset)
    cmd_setpix                               0x000039bd   Thumb Code     2  inet.o(i.cmd_setpix)
    cmd_setsubpix                            0x000039bf   Thumb Code     2  inet.o(i.cmd_setsubpix)
    cmd_simple_parse                         0x000039c1   Thumb Code   254  inet.o(i.cmd_simple_parse)
    cmd_status                               0x00003af5   Thumb Code   182  inet.o(i.cmd_status)
    cmd_white                                0x00003db5   Thumb Code    32  inet.o(i.cmd_white)
    cpu_reset                                0x00003ded   Thumb Code    20  hal.o(i.cpu_reset)
    dhcp_arp_reply                           0x00003e05   Thumb Code   216  lwiplib.o(i.dhcp_arp_reply)
    dhcp_fine_tmr                            0x000042a9   Thumb Code   188  lwiplib.o(i.dhcp_fine_tmr)
    dhcp_release                             0x000049b5   Thumb Code   168  lwiplib.o(i.dhcp_release)
    dhcp_renew                               0x00004a61   Thumb Code   194  lwiplib.o(i.dhcp_renew)
    dhcp_start                               0x00004d19   Thumb Code   326  lwiplib.o(i.dhcp_start)
    dhcp_stop                                0x00004e6d   Thumb Code   112  lwiplib.o(i.dhcp_stop)
    disp_drive_subfield                      0x00004f65   Thumb Code   408  dispctl.o(i.disp_drive_subfield)
    disp_fill_rgb                            0x0000511d   Thumb Code   118  dispctl.o(i.disp_fill_rgb)
    disp_flush_display                       0x0000519d   Thumb Code    22  dispctl.o(i.disp_flush_display)
    disp_output_subfield                     0x000051b9   Thumb Code   510  dispctl.o(i.disp_output_subfield)
    disp_run                                 0x000053c9   Thumb Code    80  dispctl.o(i.disp_run)
    disp_set_brightness                      0x00005449   Thumb Code    22  dispctl.o(i.disp_set_brightness)
    disp_setup                               0x00005469   Thumb Code   676  dispctl.o(i.disp_setup)
    disp_stop                                0x0000575d   Thumb Code     8  dispctl.o(i.disp_stop)
    disp_test_pattern_boot                   0x00005769   Thumb Code   162  dispctl.o(i.disp_test_pattern_boot)
    disp_write_pixel_rgb                     0x00005811   Thumb Code    90  dispctl.o(i.disp_write_pixel_rgb)
    etharp_output                            0x000059b5   Thumb Code   514  lwiplib.o(i.etharp_output)
    etharp_query                             0x00005bcd   Thumb Code   332  lwiplib.o(i.etharp_query)
    etharp_raw                               0x00005d29   Thumb Code   188  lwiplib.o(i.etharp_raw)
    etharp_tmr                               0x00005ded   Thumb Code   108  lwiplib.o(i.etharp_tmr)
    ethernet_input                           0x00005e61   Thumb Code   598  lwiplib.o(i.ethernet_input)
    icmp_dest_unreach                        0x000060c5   Thumb Code   152  lwiplib.o(i.icmp_dest_unreach)
    icmp_input                               0x00006161   Thumb Code   466  lwiplib.o(i.icmp_input)
    ip4_addr_isbroadcast                     0x00006341   Thumb Code    54  lwiplib.o(i.ip4_addr_isbroadcast)
    ip_input                                 0x00006379   Thumb Code   582  lwiplib.o(i.ip_input)
    ip_output_if                             0x000065d1   Thumb Code   146  lwiplib.o(i.ip_output_if)
    ip_route                                 0x0000666d   Thumb Code    82  lwiplib.o(i.ip_route)
    lwIPEthernetIntHandler                   0x000066c9   Thumb Code   368  lwiplib.o(i.lwIPEthernetIntHandler)
    lwIPHostTimerHandler                     0x00006845   Thumb Code     2  inet.o(i.lwIPHostTimerHandler)
    lwIPInit                                 0x00006849   Thumb Code   318  lwiplib.o(i.lwIPInit)
    lwIPLocalGWAddrGet                       0x000069ad   Thumb Code     6  lwiplib.o(i.lwIPLocalGWAddrGet)
    lwIPLocalIPAddrGet                       0x000069b9   Thumb Code    18  lwiplib.o(i.lwIPLocalIPAddrGet)
    lwIPLocalNetMaskGet                      0x000069d5   Thumb Code     6  lwiplib.o(i.lwIPLocalNetMaskGet)
    lwIPTimer                                0x000069e1   Thumb Code    20  lwiplib.o(i.lwIPTimer)
    lwip_init                                0x000069fd   Thumb Code   220  lwiplib.o(i.lwip_init)
    main                                     0x00006b8d   Thumb Code    18  project0.o(i.main)
    mem_malloc                               0x00006bad   Thumb Code   262  lwiplib.o(i.mem_malloc)
    mem_trim                                 0x00006cbd   Thumb Code   246  lwiplib.o(i.mem_trim)
    memp_free                                0x00006dbd   Thumb Code    62  lwiplib.o(i.memp_free)
    memp_malloc                              0x00006e05   Thumb Code    88  lwiplib.o(i.memp_malloc)
    netif_set_down                           0x00006e65   Thumb Code   120  lwiplib.o(i.netif_set_down)
    netif_set_ipaddr                         0x00006ee5   Thumb Code   114  lwiplib.o(i.netif_set_ipaddr)
    netif_set_link_up                        0x00006f61   Thumb Code   244  lwiplib.o(i.netif_set_link_up)
    pbuf_alloc                               0x0000705d   Thumb Code   322  lwiplib.o(i.pbuf_alloc)
    pbuf_copy                                0x000071a5   Thumb Code   154  lwiplib.o(i.pbuf_copy)
    pbuf_free                                0x00007241   Thumb Code   334  lwiplib.o(i.pbuf_free)
    pbuf_header                              0x0000739d   Thumb Code   112  lwiplib.o(i.pbuf_header)
    pbuf_realloc                             0x0000740d   Thumb Code    88  lwiplib.o(i.pbuf_realloc)
    stats_init                               0x00007465   Thumb Code    72  lwiplib.o(i.stats_init)
    sys_timeout                              0x000074b9   Thumb Code   108  lwiplib.o(i.sys_timeout)
    tcp_abandon                              0x00007529   Thumb Code   242  lwiplib.o(i.tcp_abandon)
    tcp_accept                               0x00007629   Thumb Code     4  lwiplib.o(i.tcp_accept)
    tcp_alloc                                0x00007635   Thumb Code   284  lwiplib.o(i.tcp_alloc)
    tcp_bind                                 0x00007761   Thumb Code   226  lwiplib.o(i.tcp_bind)
    tcp_enqueue_flags                        0x00007b0d   Thumb Code   232  lwiplib.o(i.tcp_enqueue_flags)
    tcp_fasttmr                              0x00007bf9   Thumb Code   188  lwiplib.o(i.tcp_fasttmr)
    tcp_input                                0x00007cb9   Thumb Code  1440  lwiplib.o(i.tcp_input)
    tcp_listen_with_backlog                  0x0000825d   Thumb Code   168  lwiplib.o(i.tcp_listen_with_backlog)
    tcp_new                                  0x00008315   Thumb Code     6  lwiplib.o(i.tcp_new)
    tcp_output                               0x0000831d   Thumb Code   634  lwiplib.o(i.tcp_output)
    tcp_pcb_purge                            0x000085a1   Thumb Code   142  lwiplib.o(i.tcp_pcb_purge)
    tcp_pcb_remove                           0x00008631   Thumb Code    86  lwiplib.o(i.tcp_pcb_remove)
    tcp_process_refused_data                 0x00008b25   Thumb Code   112  lwiplib.o(i.tcp_process_refused_data)
    tcp_recv                                 0x0000968d   Thumb Code     6  lwiplib.o(i.tcp_recv)
    tcp_recv_null                            0x00009693   Thumb Code   140  lwiplib.o(i.tcp_recv_null)
    tcp_recved                               0x0000971f   Thumb Code   102  lwiplib.o(i.tcp_recved)
    tcp_rst                                  0x00009785   Thumb Code   150  lwiplib.o(i.tcp_rst)
    tcp_seg_copy                             0x00009821   Thumb Code    60  lwiplib.o(i.tcp_seg_copy)
    tcp_send_empty_ack                       0x0000985d   Thumb Code   160  lwiplib.o(i.tcp_send_empty_ack)
    tcp_sent                                 0x00009901   Thumb Code     4  lwiplib.o(i.tcp_sent)
    tcp_slowtmr                              0x00009905   Thumb Code   966  lwiplib.o(i.tcp_slowtmr)
    tcp_tmr                                  0x00009ce9   Thumb Code    30  lwiplib.o(i.tcp_tmr)
    tcp_write                                0x00009d0d   Thumb Code  1220  lwiplib.o(i.tcp_write)
    tcp_zero_window_probe                    0x0000a1d1   Thumb Code   318  lwiplib.o(i.tcp_zero_window_probe)
    tcpip_connected_callback                 0x0000a315   Thumb Code   126  inet.o(i.tcpip_connected_callback)
    tcpip_init                               0x0000a431   Thumb Code   294  inet.o(i.tcpip_init)
    tcpip_recv_callback                      0x0000a6a1   Thumb Code   350  inet.o(i.tcpip_recv_callback)
    tcpip_reply_formatted                    0x0000a815   Thumb Code    56  inet.o(i.tcpip_reply_formatted)
    tcpip_sent_callback                      0x0000a84d   Thumb Code     6  inet.o(i.tcpip_sent_callback)
    tcpip_start_listen                       0x0000a875   Thumb Code   234  inet.o(i.tcpip_start_listen)
    tivaif_init                              0x0000aa55   Thumb Code   210  lwiplib.o(i.tivaif_init)
    tivaif_interrupt                         0x0000ab3d   Thumb Code   740  lwiplib.o(i.tivaif_interrupt)
    udp_bind                                 0x0000afbd   Thumb Code   176  lwiplib.o(i.udp_bind)
    udp_input                                0x0000b071   Thumb Code   472  lwiplib.o(i.udp_input)
    udp_sendto_if                            0x0000b259   Thumb Code   268  lwiplib.o(i.udp_sendto_if)
    _get_lc_ctype                            0x0000b369   Thumb Code    44  lc_ctype_c.o(locale$$code)
    _get_lc_numeric                          0x0000b395   Thumb Code    44  lc_numeric_c.o(locale$$code)
    _fp_init                                 0x0000b3c1   Thumb Code    10  fpinit.o(x$fpl$fpinit)
    __fplib_config_fpu_vfp                   0x0000b3c9   Thumb Code     0  fpinit.o(x$fpl$fpinit)
    __fplib_config_pureend_doubles           0x0000b3c9   Thumb Code     0  fpinit.o(x$fpl$fpinit)
    _printf_fp_dec                           0x0000b3cb   Thumb Code     4  printf1.o(x$fpl$printf1)
    _printf_fp_hex                           0x0000b3cf   Thumb Code     4  printf2.o(x$fpl$printf2)
    __I$use$fp                               0x0000b3d2   Number         0  usenofp.o(x$fpl$usenofp)
    subfield_widths                          0x0000b3f0   Data          24  dispctl.o(.constdata)
    subfield_divider                         0x0000b408   Data          24  dispctl.o(.constdata)
    disp_latch_lut                           0x0000b420   Data         228  dispctl.o(.constdata)
    disp_addr_lut                            0x0000b504   Data          32  dispctl.o(.constdata)
    gamma_lookup_12b                         0x0000b524   Data         512  dispctl.o(.constdata)
    commands                                 0x0000b724   Data         300  inet.o(.constdata)
    ip_addr_any                              0x0000b850   Data           4  lwiplib.o(.constdata)
    ip_addr_broadcast                        0x0000b854   Data           4  lwiplib.o(.constdata)
    ethbroadcast                             0x0000b858   Data           6  lwiplib.o(.constdata)
    ethzero                                  0x0000b85e   Data           6  lwiplib.o(.constdata)
    tcp_persist_backoff                      0x0000b864   Data           7  lwiplib.o(.constdata)
    tcp_state_str                            0x0000b88c   Data          44  lwiplib.o(.constdata)
    tcp_backoff                              0x0000b8b8   Data          13  lwiplib.o(.constdata)
    tcp_pcb_lists                            0x0000b8c8   Data          16  lwiplib.o(.constdata)
    Region$$Table$$Base                      0x0000c580   Number         0  anon$$obj.o(Region$$Table)
    Region$$Table$$Limit                     0x0000c5a0   Number         0  anon$$obj.o(Region$$Table)
    __ctype                                  0x0000c5ad   Data           0  lc_ctype_c.o(locale$$data)
    oe_ints_global                           0x20000008   Data           4  dispctl.o(.data)
    oe_ints_r                                0x2000000c   Data           4  dispctl.o(.data)
    oe_ints_g                                0x20000010   Data           4  dispctl.o(.data)
    oe_ints_b                                0x20000014   Data           4  dispctl.o(.data)
    cur_subfield                             0x20000018   Data           4  dispctl.o(.data)
    disp_frame                               0x2000001c   Data           4  dispctl.o(.data)
    disp_led_count                           0x20000020   Data           4  dispctl.o(.data)
    disp_led_state                           0x20000024   Data           4  dispctl.o(.data)
    disp_refresh_rate                        0x20000028   Data           4  dispctl.o(.data)
    disp_frame_wait                          0x2000002c   Data           4  dispctl.o(.data)
    disp_frame_sync                          0x20000030   Data           4  dispctl.o(.data)
    disp_ptr_order                           0x20000034   Data           4  dispctl.o(.data)
    abl_peak_power                           0x20000038   Data           4  dispctl.o(.data)
    abl_avg_power                            0x2000003c   Data           4  dispctl.o(.data)
    calc_cur_power                           0x20000040   Data           4  dispctl.o(.data)
    calc_avg_power                           0x20000044   Data           4  dispctl.o(.data)
    abl_limit_oe                             0x20000048   Data           4  dispctl.o(.data)
    oe_width_r                               0x2000004c   Data           4  dispctl.o(.data)
    oe_width_g                               0x20000050   Data           4  dispctl.o(.data)
    oe_width_b                               0x20000054   Data           4  dispctl.o(.data)
    oe_width_all                             0x20000058   Data           4  dispctl.o(.data)
    oe_base                                  0x2000005c   Data           4  dispctl.o(.data)
    oe_r_state                               0x20000060   Data           4  dispctl.o(.data)
    oe_g_state                               0x20000064   Data           4  dispctl.o(.data)
    oe_b_state                               0x20000068   Data           4  dispctl.o(.data)
    oe_gen                                   0x2000006c   Data           4  dispctl.o(.data)
    disp_current_ptr                         0x20000070   Data           4  dispctl.o(.data)
    disp_working_ptr                         0x20000074   Data           4  dispctl.o(.data)
    cmd_buff_len                             0x20000078   Data           4  inet.o(.data)
    cmd_ready                                0x2000007c   Data           4  inet.o(.data)
    reply_pcb                                0x20000080   Data           4  inet.o(.data)
    command_arg_count                        0x20000084   Data           4  inet.o(.data)
    pbuf_free_ooseq_pending                  0x2000008a   Data           1  lwiplib.o(.data)
    tcp_active_pcbs_changed                  0x2000008b   Data           1  lwiplib.o(.data)
    g_ui32LocalTimer                         0x2000009c   Data           4  lwiplib.o(.data)
    netif_list                               0x200000d8   Data           4  lwiplib.o(.data)
    netif_default                            0x200000dc   Data           4  lwiplib.o(.data)
    tcp_ticks                                0x200000e4   Data           4  lwiplib.o(.data)
    tcp_bound_pcbs                           0x200000e8   Data           4  lwiplib.o(.data)
    tcp_listen_pcbs                          0x200000ec   Data           4  lwiplib.o(.data)
    tcp_active_pcbs                          0x200000f0   Data           4  lwiplib.o(.data)
    tcp_tw_pcbs                              0x200000f4   Data           4  lwiplib.o(.data)
    tcp_tmp_pcb                              0x200000f8   Data           4  lwiplib.o(.data)
    tcp_input_pcb                            0x20000110   Data           4  lwiplib.o(.data)
    udp_pcbs                                 0x20000120   Data           4  lwiplib.o(.data)
    current_netif                            0x20000124   Data           4  lwiplib.o(.data)
    current_header                           0x20000128   Data           4  lwiplib.o(.data)
    current_iphdr_src                        0x2000012c   Data           4  lwiplib.o(.data)
    current_iphdr_dest                       0x20000130   Data           4  lwiplib.o(.data)
    g_ui32NormalInts                         0x20000134   Data           4  lwiplib.o(.data)
    g_ui32AbnormalInts                       0x20000138   Data           4  lwiplib.o(.data)
    g_pfnTimerHandler                        0x2000013c   Data           4  lwiplib.o(.data)
    g_TxDescList                             0x2000018c   Data          16  lwiplib.o(.data)
    g_RxDescList                             0x200001a8   Data          16  lwiplib.o(.data)
    disp_1                                   0x200001b8   Data        8192  dispctl.o(.bss)
    disp_2                                   0x200021b8   Data        8192  dispctl.o(.bss)
    disp_cur_subfield                        0x200041b8   Data         256  dispctl.o(.bss)
    cmd_buffer                               0x200042b8   Data       32768  inet.o(.bss)
    data_state                               0x2000c2b8   Data          28  inet.o(.bss)
    command_args_int                         0x2000c2d4   Data          64  inet.o(.bss)
    dhcp_rx_options_val                      0x2000c324   Data          40  lwiplib.o(.bss)
    dhcp_rx_options_given                    0x2000c34c   Data          10  lwiplib.o(.bss)
    ram_heap                                 0x2000c356   Data       65564  lwiplib.o(.bss)
    lwip_stats                               0x200236a8   Data         324  lwiplib.o(.bss)
    g_pTxDescriptors                         0x200238c8   Data         864  lwiplib.o(.bss)
    g_pRxDescriptors                         0x20023c28   Data         288  lwiplib.o(.bss)
    __libspace_start                         0x20023d80   Data          96  libspace.o(.bss)
    __temporary_stack_top$libspace           0x20023de0   Data           0  libspace.o(.bss)



==============================================================================

Memory Map of the image

  Image Entry point : 0x00000201

  Load Region LR_IROM (Base: 0x00000000, Size: 0x0000c884, Max: 0x00100000, ABSOLUTE, COMPRESSED[0x0000c730])

    Execution Region ER_IROM (Base: 0x00000000, Size: 0x0000c6cc, Max: 0x00100000, ABSOLUTE)

    Base Addr    Size         Type   Attr      Idx    E Section Name        Object

    0x00000000   0x0000021c   Code   RO           98  * RESET               startup_rvmdk.o
    0x0000021c   0x00000008   Code   RO         4352  * !!!main             c_w.l(__main.o)
    0x00000224   0x00000034   Code   RO         4685    !!!scatter          c_w.l(__scatter.o)
    0x00000258   0x0000005a   Code   RO         4683    !!dczerorl2         c_w.l(__dczerorl2.o)
    0x000002b2   0x00000002   PAD
    0x000002b4   0x0000001c   Code   RO         4687    !!handler_zi        c_w.l(__scatter_zi.o)
    0x000002d0   0x00000000   Code   RO         4445    .ARM.Collect$$_printf_percent$$00000000  c_w.l(_printf_percent.o)
    0x000002d0   0x00000006   Code   RO         4434    .ARM.Collect$$_printf_percent$$00000001  c_w.l(_printf_n.o)
    0x000002d6   0x00000006   Code   RO         4436    .ARM.Collect$$_printf_percent$$00000002  c_w.l(_printf_p.o)
    0x000002dc   0x00000006   Code   RO         4441    .ARM.Collect$$_printf_percent$$00000003  c_w.l(_printf_f.o)
    0x000002e2   0x00000006   Code   RO         4442    .ARM.Collect$$_printf_percent$$00000004  c_w.l(_printf_e.o)
    0x000002e8   0x00000006   Code   RO         4443    .ARM.Collect$$_printf_percent$$00000005  c_w.l(_printf_g.o)
    0x000002ee   0x00000006   Code   RO         4444    .ARM.Collect$$_printf_percent$$00000006  c_w.l(_printf_a.o)
    0x000002f4   0x0000000a   Code   RO         4449    .ARM.Collect$$_printf_percent$$00000007  c_w.l(_printf_ll.o)
    0x000002fe   0x00000006   Code   RO         4438    .ARM.Collect$$_printf_percent$$00000008  c_w.l(_printf_i.o)
    0x00000304   0x00000006   Code   RO         4439    .ARM.Collect$$_printf_percent$$00000009  c_w.l(_printf_d.o)
    0x0000030a   0x00000006   Code   RO         4440    .ARM.Collect$$_printf_percent$$0000000A  c_w.l(_printf_u.o)
    0x00000310   0x00000006   Code   RO         4437    .ARM.Collect$$_printf_percent$$0000000B  c_w.l(_printf_o.o)
    0x00000316   0x00000006   Code   RO         4435    .ARM.Collect$$_printf_percent$$0000000C  c_w.l(_printf_x.o)
    0x0000031c   0x00000006   Code   RO         4446    .ARM.Collect$$_printf_percent$$0000000D  c_w.l(_printf_lli.o)
    0x00000322   0x00000006   Code   RO         4447    .ARM.Collect$$_printf_percent$$0000000E  c_w.l(_printf_lld.o)
    0x00000328   0x00000006   Code   RO         4448    .ARM.Collect$$_printf_percent$$0000000F  c_w.l(_printf_llu.o)
    0x0000032e   0x00000006   Code   RO         4453    .ARM.Collect$$_printf_percent$$00000010  c_w.l(_printf_llo.o)
    0x00000334   0x00000006   Code   RO         4454    .ARM.Collect$$_printf_percent$$00000011  c_w.l(_printf_llx.o)
    0x0000033a   0x0000000a   Code   RO         4450    .ARM.Collect$$_printf_percent$$00000012  c_w.l(_printf_l.o)
    0x00000344   0x00000006   Code   RO         4432    .ARM.Collect$$_printf_percent$$00000013  c_w.l(_printf_c.o)
    0x0000034a   0x00000006   Code   RO         4433    .ARM.Collect$$_printf_percent$$00000014  c_w.l(_printf_s.o)
    0x00000350   0x00000006   Code   RO         4451    .ARM.Collect$$_printf_percent$$00000015  c_w.l(_printf_lc.o)
    0x00000356   0x00000006   Code   RO         4452    .ARM.Collect$$_printf_percent$$00000016  c_w.l(_printf_ls.o)
    0x0000035c   0x00000004   Code   RO         4505    .ARM.Collect$$_printf_percent$$00000017  c_w.l(_printf_percent_end.o)
    0x00000360   0x00000002   Code   RO         4552    .ARM.Collect$$libinit$$00000000  c_w.l(libinit.o)
    0x00000362   0x00000004   Code   RO         4553    .ARM.Collect$$libinit$$00000001  c_w.l(libinit2.o)
    0x00000366   0x00000000   Code   RO         4556    .ARM.Collect$$libinit$$00000004  c_w.l(libinit2.o)
    0x00000366   0x00000000   Code   RO         4559    .ARM.Collect$$libinit$$0000000A  c_w.l(libinit2.o)
    0x00000366   0x00000000   Code   RO         4561    .ARM.Collect$$libinit$$0000000C  c_w.l(libinit2.o)
    0x00000366   0x00000000   Code   RO         4563    .ARM.Collect$$libinit$$0000000E  c_w.l(libinit2.o)
    0x00000366   0x00000006   Code   RO         4564    .ARM.Collect$$libinit$$0000000F  c_w.l(libinit2.o)
    0x0000036c   0x00000000   Code   RO         4566    .ARM.Collect$$libinit$$00000011  c_w.l(libinit2.o)
    0x0000036c   0x0000000c   Code   RO         4567    .ARM.Collect$$libinit$$00000012  c_w.l(libinit2.o)
    0x00000378   0x00000000   Code   RO         4568    .ARM.Collect$$libinit$$00000013  c_w.l(libinit2.o)
    0x00000378   0x00000000   Code   RO         4570    .ARM.Collect$$libinit$$00000015  c_w.l(libinit2.o)
    0x00000378   0x0000000a   Code   RO         4571    .ARM.Collect$$libinit$$00000016  c_w.l(libinit2.o)
    0x00000382   0x00000000   Code   RO         4572    .ARM.Collect$$libinit$$00000017  c_w.l(libinit2.o)
    0x00000382   0x00000000   Code   RO         4574    .ARM.Collect$$libinit$$00000019  c_w.l(libinit2.o)
    0x00000382   0x00000000   Code   RO         4576    .ARM.Collect$$libinit$$0000001B  c_w.l(libinit2.o)
    0x00000382   0x00000000   Code   RO         4578    .ARM.Collect$$libinit$$0000001D  c_w.l(libinit2.o)
    0x00000382   0x00000000   Code   RO         4580    .ARM.Collect$$libinit$$0000001F  c_w.l(libinit2.o)
    0x00000382   0x00000000   Code   RO         4582    .ARM.Collect$$libinit$$00000021  c_w.l(libinit2.o)
    0x00000382   0x00000000   Code   RO         4584    .ARM.Collect$$libinit$$00000023  c_w.l(libinit2.o)
    0x00000382   0x00000000   Code   RO         4586    .ARM.Collect$$libinit$$00000025  c_w.l(libinit2.o)
    0x00000382   0x00000000   Code   RO         4590    .ARM.Collect$$libinit$$0000002C  c_w.l(libinit2.o)
    0x00000382   0x00000000   Code   RO         4592    .ARM.Collect$$libinit$$0000002E  c_w.l(libinit2.o)
    0x00000382   0x00000000   Code   RO         4594    .ARM.Collect$$libinit$$00000030  c_w.l(libinit2.o)
    0x00000382   0x00000000   Code   RO         4596    .ARM.Collect$$libinit$$00000032  c_w.l(libinit2.o)
    0x00000382   0x00000002   Code   RO         4597    .ARM.Collect$$libinit$$00000033  c_w.l(libinit2.o)
    0x00000384   0x00000002   Code   RO         4632    .ARM.Collect$$libshutdown$$00000000  c_w.l(libshutdown.o)
    0x00000386   0x00000000   Code   RO         4644    .ARM.Collect$$libshutdown$$00000003  c_w.l(libshutdown2.o)
    0x00000386   0x00000000   Code   RO         4647    .ARM.Collect$$libshutdown$$00000006  c_w.l(libshutdown2.o)
    0x00000386   0x00000000   Code   RO         4650    .ARM.Collect$$libshutdown$$00000009  c_w.l(libshutdown2.o)
    0x00000386   0x00000000   Code   RO         4652    .ARM.Collect$$libshutdown$$0000000B  c_w.l(libshutdown2.o)
    0x00000386   0x00000000   Code   RO         4655    .ARM.Collect$$libshutdown$$0000000E  c_w.l(libshutdown2.o)
    0x00000386   0x00000002   Code   RO         4656    .ARM.Collect$$libshutdown$$0000000F  c_w.l(libshutdown2.o)
    0x00000388   0x00000000   Code   RO         4354    .ARM.Collect$$rtentry$$00000000  c_w.l(__rtentry.o)
    0x00000388   0x00000000   Code   RO         4471    .ARM.Collect$$rtentry$$00000002  c_w.l(__rtentry2.o)
    0x00000388   0x00000006   Code   RO         4483    .ARM.Collect$$rtentry$$00000004  c_w.l(__rtentry4.o)
    0x0000038e   0x00000000   Code   RO         4473    .ARM.Collect$$rtentry$$00000009  c_w.l(__rtentry2.o)
    0x0000038e   0x00000004   Code   RO         4474    .ARM.Collect$$rtentry$$0000000A  c_w.l(__rtentry2.o)
    0x00000392   0x00000000   Code   RO         4476    .ARM.Collect$$rtentry$$0000000C  c_w.l(__rtentry2.o)
    0x00000392   0x00000008   Code   RO         4477    .ARM.Collect$$rtentry$$0000000D  c_w.l(__rtentry2.o)
    0x0000039a   0x00000002   Code   RO         4603    .ARM.Collect$$rtexit$$00000000  c_w.l(rtexit.o)
    0x0000039c   0x00000000   Code   RO         4610    .ARM.Collect$$rtexit$$00000002  c_w.l(rtexit2.o)
    0x0000039c   0x00000004   Code   RO         4611    .ARM.Collect$$rtexit$$00000003  c_w.l(rtexit2.o)
    0x000003a0   0x00000006   Code   RO         4612    .ARM.Collect$$rtexit$$00000004  c_w.l(rtexit2.o)
    0x000003a6   0x00000002   PAD
    0x000003a8   0x00000006   Code   RO         3334    .emb_text           driverlib.lib(sysctl.o)
    0x000003ae   0x00000002   PAD
    0x000003b0   0x00000026   Code   RO         4276    .emb_text           driverlib.lib(cpu.o)
    0x000003d6   0x00000002   PAD
    0x000003d8   0x00000018   Code   RO           99    .text               startup_rvmdk.o
    0x000003f0   0x0000001a   Code   RO         4326    .text               c_w.l(tolower.o)
    0x0000040a   0x00000002   PAD
    0x0000040c   0x00000034   Code   RO         4328    .text               c_w.l(vsnprintf.o)
    0x00000440   0x00000070   Code   RO         4330    .text               c_w.l(strtol.o)
    0x000004b0   0x00000058   Code   RO         4336    .text               c_w.l(memcmp.o)
    0x00000508   0x0000003e   Code   RO         4338    .text               c_w.l(strlen.o)
    0x00000546   0x0000008a   Code   RO         4342    .text               c_w.l(rt_memcpy_v6.o)
    0x000005d0   0x00000044   Code   RO         4344    .text               c_w.l(rt_memclr.o)
    0x00000614   0x0000004e   Code   RO         4346    .text               c_w.l(rt_memclr_w.o)
    0x00000662   0x00000002   PAD
    0x00000664   0x00000080   Code   RO         4348    .text               c_w.l(strcmpv7m.o)
    0x000006e4   0x00000006   Code   RO         4350    .text               c_w.l(heapauxi.o)
    0x000006ea   0x00000002   PAD
    0x000006ec   0x00000010   Code   RO         4355    .text               c_w.l(rt_ctype_table.o)
    0x000006fc   0x00000008   Code   RO         4360    .text               c_w.l(rt_errno_addr_intlibspace.o)
    0x00000704   0x0000004e   Code   RO         4364    .text               c_w.l(_printf_pad.o)
    0x00000752   0x00000024   Code   RO         4366    .text               c_w.l(_printf_truncate.o)
    0x00000776   0x00000052   Code   RO         4368    .text               c_w.l(_printf_str.o)
    0x000007c8   0x00000078   Code   RO         4370    .text               c_w.l(_printf_dec.o)
    0x00000840   0x00000028   Code   RO         4372    .text               c_w.l(_printf_charcount.o)
    0x00000868   0x00000030   Code   RO         4374    .text               c_w.l(_printf_char_common.o)
    0x00000898   0x0000000a   Code   RO         4376    .text               c_w.l(_sputc.o)
    0x000008a2   0x00000010   Code   RO         4378    .text               c_w.l(_snputc.o)
    0x000008b2   0x00000002   PAD
    0x000008b4   0x000000bc   Code   RO         4380    .text               c_w.l(_printf_wctomb.o)
    0x00000970   0x0000007c   Code   RO         4383    .text               c_w.l(_printf_longlong_dec.o)
    0x000009ec   0x00000070   Code   RO         4389    .text               c_w.l(_printf_oct_int_ll.o)
    0x00000a5c   0x00000094   Code   RO         4409    .text               c_w.l(_printf_hex_int_ll_ptr.o)
    0x00000af0   0x00000188   Code   RO         4429    .text               c_w.l(__printf_flags_ss_wp.o)
    0x00000c78   0x0000009e   Code   RO         4455    .text               c_w.l(_strtoul.o)
    0x00000d16   0x00000064   Code   RO         4457    .text               c_w.l(rt_memcpy_w.o)
    0x00000d7a   0x00000002   PAD
    0x00000d7c   0x00000008   Code   RO         4467    .text               c_w.l(libspace.o)
    0x00000d84   0x00000008   Code   RO         4488    .text               c_w.l(rt_locale_intlibspace.o)
    0x00000d8c   0x0000008a   Code   RO         4490    .text               c_w.l(lludiv10.o)
    0x00000e16   0x000000b2   Code   RO         4492    .text               c_w.l(_printf_intcommon.o)
    0x00000ec8   0x0000041a   Code   RO         4494    .text               c_w.l(_printf_fp_dec.o)
    0x000012e2   0x00000002   PAD
    0x000012e4   0x000002fc   Code   RO         4496    .text               c_w.l(_printf_fp_hex.o)
    0x000015e0   0x0000002c   Code   RO         4501    .text               c_w.l(_printf_char.o)
    0x0000160c   0x0000002c   Code   RO         4503    .text               c_w.l(_printf_wchar.o)
    0x00001638   0x0000001c   Code   RO         4506    .text               c_w.l(_chval.o)
    0x00001654   0x00000040   Code   RO         4508    .text               c_w.l(_wcrtomb.o)
    0x00001694   0x0000004a   Code   RO         4513    .text               c_w.l(sys_stackheap_outer.o)
    0x000016de   0x00000002   PAD
    0x000016e0   0x00000080   Code   RO         4515    .text               c_w.l(_printf_fp_infnan.o)
    0x00001760   0x000000dc   Code   RO         4517    .text               c_w.l(bigflt0.o)
    0x0000183c   0x0000000c   Code   RO         4545    .text               c_w.l(exit.o)
    0x00001848   0x0000000c   Code   RO         4622    .text               c_w.l(sys_exit.o)
    0x00001854   0x00000002   Code   RO         4633    .text               c_w.l(use_no_semi.o)
    0x00001856   0x00000000   Code   RO         4635    .text               c_w.l(indicate_semi.o)
    0x00001856   0x0000003e   Code   RO         4520    CL$$btod_d2e        c_w.l(btod.o)
    0x00001894   0x00000046   Code   RO         4522    CL$$btod_d2e_denorm_low  c_w.l(btod.o)
    0x000018da   0x00000060   Code   RO         4521    CL$$btod_d2e_norm_op1  c_w.l(btod.o)
    0x0000193a   0x00000338   Code   RO         4530    CL$$btod_div_common  c_w.l(btod.o)
    0x00001c72   0x000000c6   Code   RO         4527    CL$$btod_e2e        c_w.l(btod.o)
    0x00001d38   0x00000028   Code   RO         4524    CL$$btod_ediv       c_w.l(btod.o)
    0x00001d60   0x00000028   Code   RO         4523    CL$$btod_emul       c_w.l(btod.o)
    0x00001d88   0x00000244   Code   RO         4529    CL$$btod_mult_common  c_w.l(btod.o)
    0x00001fcc   0x0000001e   Code   RO         2188    i.EMACAddrGet       driverlib.lib(emac.o)
    0x00001fea   0x00000022   Code   RO         2189    i.EMACAddrSet       driverlib.lib(emac.o)
    0x0000200c   0x00000044   Code   RO         2190    i.EMACConfigGet     driverlib.lib(emac.o)
    0x00002050   0x00000038   Code   RO         2191    i.EMACConfigSet     driverlib.lib(emac.o)
    0x00002088   0x00000010   Code   RO         2194    i.EMACFrameFilterSet  driverlib.lib(emac.o)
    0x00002098   0x00000088   Code   RO         2198    i.EMACInit          driverlib.lib(emac.o)
    0x00002120   0x0000003c   Code   RO         2199    i.EMACIntClear      driverlib.lib(emac.o)
    0x0000215c   0x00000042   Code   RO         2201    i.EMACIntEnable     driverlib.lib(emac.o)
    0x0000219e   0x0000002e   Code   RO         2203    i.EMACIntStatus     driverlib.lib(emac.o)
    0x000021cc   0x00000070   Code   RO         2206    i.EMACPHYConfigSet  driverlib.lib(emac.o)
    0x0000223c   0x0000002a   Code   RO         2211    i.EMACPHYRead       driverlib.lib(emac.o)
    0x00002266   0x0000002a   Code   RO         2212    i.EMACPHYWrite      driverlib.lib(emac.o)
    0x00002290   0x00000006   Code   RO         2222    i.EMACRxDMADescriptorListSet  driverlib.lib(emac.o)
    0x00002296   0x00000016   Code   RO         2225    i.EMACRxEnable      driverlib.lib(emac.o)
    0x000022ac   0x00000006   Code   RO         2233    i.EMACTimestampIntStatus  driverlib.lib(emac.o)
    0x000022b2   0x00000006   Code   RO         2247    i.EMACTxDMADescriptorListSet  driverlib.lib(emac.o)
    0x000022b8   0x00000008   Code   RO         2248    i.EMACTxDMAPollDemand  driverlib.lib(emac.o)
    0x000022c0   0x00000016   Code   RO         2250    i.EMACTxEnable      driverlib.lib(emac.o)
    0x000022d6   0x00000002   PAD
    0x000022d8   0x00000018   Code   RO         2676    i.FlashUserGet      driverlib.lib(flash.o)
    0x000022f0   0x00000028   Code   RO         2781    i.GPIODirModeSet    driverlib.lib(gpio.o)
    0x00002318   0x00000138   Code   RO         2791    i.GPIOPadConfigSet  driverlib.lib(gpio.o)
    0x00002450   0x00000044   Code   RO         2792    i.GPIOPinConfigure  driverlib.lib(gpio.o)
    0x00002494   0x0000001c   Code   RO         2803    i.GPIOPinTypeGPIOOutput  driverlib.lib(gpio.o)
    0x000024b0   0x0000001c   Code   RO         2812    i.GPIOPinTypeSSI    driverlib.lib(gpio.o)
    0x000024cc   0x0000001c   Code   RO         2815    i.GPIOPinTypeUART   driverlib.lib(gpio.o)
    0x000024e8   0x00000006   Code   RO         2821    i.GPIOPinWrite      driverlib.lib(gpio.o)
    0x000024ee   0x00000002   PAD
    0x000024f0   0x000000bc   Code   RO          692    i.InitDMADescriptors  lwiplib.o
    0x000025ac   0x00000064   Code   RO         3067    i.IntEnable         driverlib.lib(interrupt.o)
    0x00002610   0x0000000e   Code   RO         3069    i.IntMasterDisable  driverlib.lib(interrupt.o)
    0x0000261e   0x0000000e   Code   RO         3070    i.IntMasterEnable   driverlib.lib(interrupt.o)
    0x0000262c   0x00000028   Code   RO         3078    i.IntPrioritySet    driverlib.lib(interrupt.o)
    0x00002654   0x0000000a   Code   RO         3185    i.SSIAdvFrameHoldEnable  driverlib.lib(ssi.o)
    0x0000265e   0x0000000c   Code   RO         3186    i.SSIAdvModeSet     driverlib.lib(ssi.o)
    0x0000266a   0x0000003a   Code   RO         3190    i.SSIConfigSetExpClk  driverlib.lib(ssi.o)
    0x000026a4   0x0000000a   Code   RO         3198    i.SSIEnable         driverlib.lib(ssi.o)
    0x000026ae   0x00000002   PAD
    0x000026b0   0x000002c4   Code   RO         3336    i.SysCtlClockFreqSet  driverlib.lib(sysctl.o)
    0x00002974   0x0000000c   Code   RO         3358    i.SysCtlMOSCConfigSet  driverlib.lib(sysctl.o)
    0x00002980   0x00000028   Code   RO         3367    i.SysCtlPeripheralDisable  driverlib.lib(sysctl.o)
    0x000029a8   0x00000028   Code   RO         3368    i.SysCtlPeripheralEnable  driverlib.lib(sysctl.o)
    0x000029d0   0x0000002c   Code   RO         3371    i.SysCtlPeripheralPresent  driverlib.lib(sysctl.o)
    0x000029fc   0x0000002c   Code   RO         3372    i.SysCtlPeripheralReady  driverlib.lib(sysctl.o)
    0x00002a28   0x0000003c   Code   RO         3373    i.SysCtlPeripheralReset  driverlib.lib(sysctl.o)
    0x00002a64   0x00000010   Code   RO         3376    i.SysCtlReset       driverlib.lib(sysctl.o)
    0x00002a74   0x0000000e   Code   RO         3677    i.SysTickEnable     driverlib.lib(systick.o)
    0x00002a82   0x0000000e   Code   RO         3679    i.SysTickIntEnable  driverlib.lib(systick.o)
    0x00002a90   0x00000006   Code   RO          412    i.SysTickIntHandler  inet.o
    0x00002a96   0x0000000a   Code   RO         3683    i.SysTickPeriodSet  driverlib.lib(systick.o)
    0x00002aa0   0x00000058   Code   RO          163    i.Timer0AIntHandler  dispctl.o
    0x00002af8   0x00000058   Code   RO          164    i.Timer0BIntHandler  dispctl.o
    0x00002b50   0x00000054   Code   RO          165    i.Timer1AIntHandler  dispctl.o
    0x00002ba4   0x00000018   Code   RO          166    i.Timer1BIntHandler  dispctl.o
    0x00002bbc   0x000000dc   Code   RO          167    i.Timer2AIntHandler  dispctl.o
    0x00002c98   0x00000060   Code   RO         3743    i.TimerConfigure    driverlib.lib(timer.o)
    0x00002cf8   0x00000010   Code   RO         3751    i.TimerDisable      driverlib.lib(timer.o)
    0x00002d08   0x0000000e   Code   RO         3752    i.TimerEnable       driverlib.lib(timer.o)
    0x00002d16   0x00000004   Code   RO         3753    i.TimerIntClear     driverlib.lib(timer.o)
    0x00002d1a   0x00000008   Code   RO         3755    i.TimerIntEnable    driverlib.lib(timer.o)
    0x00002d22   0x00000012   Code   RO         3761    i.TimerLoadSet      driverlib.lib(timer.o)
    0x00002d34   0x00000012   Code   RO         3765    i.TimerMatchSet     driverlib.lib(timer.o)
    0x00002d46   0x00000012   Code   RO         3770    i.TimerPrescaleSet  driverlib.lib(timer.o)
    0x00002d58   0x0000000c   Code   RO         3989    i.UARTCharPut       driverlib.lib(uart.o)
    0x00002d64   0x0000006e   Code   RO         3995    i.UARTConfigSetExpClk  driverlib.lib(uart.o)
    0x00002dd2   0x00000014   Code   RO         4000    i.UARTEnable        driverlib.lib(uart.o)
    0x00002de6   0x00000002   PAD
    0x00002de8   0x00000050   Code   RO          105    i.UARTStdioConfig   uartstdio.o
    0x00002e38   0x00000012   Code   RO          108    i.UARTprintf        uartstdio.o
    0x00002e4a   0x00000002   PAD
    0x00002e4c   0x000002a0   Code   RO          109    i.UARTvprintf       uartstdio.o
    0x000030ec   0x0000000a   Code   RO          574    i.__ARM_common_memclr4_10  inet.o
    0x000030f6   0x00000030   Code   RO         4601    i.__ARM_fpclassify  m_wm.l(fpclassify.o)
    0x00003126   0x0000000e   Code   RO         4422    i._is_digit         c_w.l(__printf_wp.o)
    0x00003134   0x0000001c   Code   RO          693    i.arp_timer         lwiplib.o
    0x00003150   0x000000d4   Code   RO          694    i.autoip_arp_reply  lwiplib.o
    0x00003224   0x000000e0   Code   RO          697    i.autoip_start      lwiplib.o
    0x00003304   0x00000018   Code   RO          699    i.autoip_timer      lwiplib.o
    0x0000331c   0x00000178   Code   RO          700    i.autoip_tmr        lwiplib.o
    0x00003494   0x00000260   Code   RO          291    i.boot_init         hal.o
    0x000036f4   0x0000005c   Code   RO          413    i.cmd_blue          inet.o
    0x00003750   0x00000064   Code   RO          414    i.cmd_brightness    inet.o
    0x000037b4   0x00000016   Code   RO          415    i.cmd_clear         inet.o
    0x000037ca   0x00000006   Code   RO          416    i.cmd_commit        inet.o
    0x000037d0   0x0000002c   Code   RO          417    i.cmd_dispoff       inet.o
    0x000037fc   0x0000002c   Code   RO          418    i.cmd_dispon        inet.o
    0x00003828   0x0000003c   Code   RO          419    i.cmd_green         inet.o
    0x00003864   0x000000f4   Code   RO          420    i.cmd_help          inet.o
    0x00003958   0x0000003c   Code   RO          422    i.cmd_red           inet.o
    0x00003994   0x00000028   Code   RO          423    i.cmd_reset         inet.o
    0x000039bc   0x00000002   Code   RO          424    i.cmd_setpix        inet.o
    0x000039be   0x00000002   Code   RO          425    i.cmd_setsubpix     inet.o
    0x000039c0   0x00000134   Code   RO          426    i.cmd_simple_parse  inet.o
    0x00003af4   0x000002c0   Code   RO          427    i.cmd_status        inet.o
    0x00003db4   0x00000038   Code   RO          428    i.cmd_white         inet.o
    0x00003dec   0x00000018   Code   RO          292    i.cpu_reset         hal.o
    0x00003e04   0x000000dc   Code   RO          701    i.dhcp_arp_reply    lwiplib.o
    0x00003ee0   0x00000130   Code   RO          702    i.dhcp_bind         lwiplib.o
    0x00004010   0x00000154   Code   RO          705    i.dhcp_create_msg   lwiplib.o
    0x00004164   0x00000144   Code   RO          706    i.dhcp_discover     lwiplib.o
    0x000042a8   0x000000c0   Code   RO          707    i.dhcp_fine_tmr     lwiplib.o
    0x00004368   0x0000002e   Code   RO          710    i.dhcp_option_trailer  lwiplib.o
    0x00004396   0x00000002   PAD
    0x00004398   0x000000c4   Code   RO          711    i.dhcp_rebind       lwiplib.o
    0x0000445c   0x00000128   Code   RO          712    i.dhcp_reboot       lwiplib.o
    0x00004584   0x00000430   Code   RO          713    i.dhcp_recv         lwiplib.o
    0x000049b4   0x000000ac   Code   RO          714    i.dhcp_release      lwiplib.o
    0x00004a60   0x000000c2   Code   RO          715    i.dhcp_renew        lwiplib.o
    0x00004b22   0x00000002   PAD
    0x00004b24   0x000001f4   Code   RO          716    i.dhcp_select       lwiplib.o
    0x00004d18   0x00000154   Code   RO          718    i.dhcp_start        lwiplib.o
    0x00004e6c   0x00000074   Code   RO          719    i.dhcp_stop         lwiplib.o
    0x00004ee0   0x00000068   Code   RO          720    i.dhcp_timer_coarse  lwiplib.o
    0x00004f48   0x0000001c   Code   RO          721    i.dhcp_timer_fine   lwiplib.o
    0x00004f64   0x000001b8   Code   RO          170    i.disp_drive_subfield  dispctl.o
    0x0000511c   0x00000080   Code   RO          171    i.disp_fill_rgb     dispctl.o
    0x0000519c   0x0000001c   Code   RO          172    i.disp_flush_display  dispctl.o
    0x000051b8   0x00000210   Code   RO          173    i.disp_output_subfield  dispctl.o
    0x000053c8   0x00000080   Code   RO          174    i.disp_run          dispctl.o
    0x00005448   0x00000020   Code   RO          175    i.disp_set_brightness  dispctl.o
    0x00005468   0x000002f4   Code   RO          176    i.disp_setup        dispctl.o
    0x0000575c   0x0000000c   Code   RO          177    i.disp_stop         dispctl.o
    0x00005768   0x000000a8   Code   RO          178    i.disp_test_pattern_boot  dispctl.o
    0x00005810   0x00000064   Code   RO          181    i.disp_write_pixel_rgb  dispctl.o
    0x00005874   0x00000104   Code   RO          724    i.etharp_find_entry  lwiplib.o
    0x00005978   0x0000003c   Code   RO          725    i.etharp_free_entry  lwiplib.o
    0x000059b4   0x00000218   Code   RO          726    i.etharp_output     lwiplib.o
    0x00005bcc   0x0000015c   Code   RO          727    i.etharp_query      lwiplib.o
    0x00005d28   0x000000c4   Code   RO          728    i.etharp_raw        lwiplib.o
    0x00005dec   0x00000074   Code   RO          730    i.etharp_tmr        lwiplib.o
    0x00005e60   0x00000264   Code   RO          731    i.ethernet_input    lwiplib.o
    0x000060c4   0x0000009c   Code   RO          732    i.icmp_dest_unreach  lwiplib.o
    0x00006160   0x000001e0   Code   RO          733    i.icmp_input        lwiplib.o
    0x00006340   0x00000036   Code   RO          738    i.ip4_addr_isbroadcast  lwiplib.o
    0x00006376   0x00000002   PAD
    0x00006378   0x00000258   Code   RO          741    i.ip_input          lwiplib.o
    0x000065d0   0x0000009c   Code   RO          743    i.ip_output_if      lwiplib.o
    0x0000666c   0x0000005c   Code   RO          744    i.ip_route          lwiplib.o
    0x000066c8   0x0000017c   Code   RO          749    i.lwIPEthernetIntHandler  lwiplib.o
    0x00006844   0x00000002   Code   RO          429    i.lwIPHostTimerHandler  inet.o
    0x00006846   0x00000002   PAD
    0x00006848   0x00000164   Code   RO          750    i.lwIPInit          lwiplib.o
    0x000069ac   0x0000000c   Code   RO          751    i.lwIPLocalGWAddrGet  lwiplib.o
    0x000069b8   0x0000001c   Code   RO          752    i.lwIPLocalIPAddrGet  lwiplib.o
    0x000069d4   0x0000000c   Code   RO          754    i.lwIPLocalNetMaskGet  lwiplib.o
    0x000069e0   0x0000001c   Code   RO          756    i.lwIPTimer         lwiplib.o
    0x000069fc   0x00000104   Code   RO          760    i.lwip_init         lwiplib.o
    0x00006b00   0x0000008c   Code   RO          763    i.lwip_standard_chksum  lwiplib.o
    0x00006b8c   0x00000020   Code   RO            1    i.main              project0.o
    0x00006bac   0x00000110   Code   RO          768    i.mem_malloc        lwiplib.o
    0x00006cbc   0x00000100   Code   RO          769    i.mem_trim          lwiplib.o
    0x00006dbc   0x00000048   Code   RO          770    i.memp_free         lwiplib.o
    0x00006e04   0x00000060   Code   RO          772    i.memp_malloc       lwiplib.o
    0x00006e64   0x00000080   Code   RO          779    i.netif_set_down    lwiplib.o
    0x00006ee4   0x0000007c   Code   RO          781    i.netif_set_ipaddr  lwiplib.o
    0x00006f60   0x000000fc   Code   RO          783    i.netif_set_link_up  lwiplib.o
    0x0000705c   0x00000148   Code   RO          786    i.pbuf_alloc        lwiplib.o
    0x000071a4   0x0000009a   Code   RO          791    i.pbuf_copy         lwiplib.o
    0x0000723e   0x00000002   PAD
    0x00007240   0x0000015c   Code   RO          794    i.pbuf_free         lwiplib.o
    0x0000739c   0x00000070   Code   RO          797    i.pbuf_header       lwiplib.o
    0x0000740c   0x00000058   Code   RO          800    i.pbuf_realloc      lwiplib.o
    0x00007464   0x00000054   Code   RO          813    i.stats_init        lwiplib.o
    0x000074b8   0x00000070   Code   RO          819    i.sys_timeout       lwiplib.o
    0x00007528   0x00000100   Code   RO          822    i.tcp_abandon       lwiplib.o
    0x00007628   0x00000004   Code   RO          824    i.tcp_accept        lwiplib.o
    0x0000762c   0x00000006   Code   RO          825    i.tcp_accept_null   lwiplib.o
    0x00007632   0x00000002   PAD
    0x00007634   0x0000012c   Code   RO          826    i.tcp_alloc         lwiplib.o
    0x00007760   0x000000f0   Code   RO          828    i.tcp_bind          lwiplib.o
    0x00007850   0x00000208   Code   RO          830    i.tcp_close_shutdown  lwiplib.o
    0x00007a58   0x000000b4   Code   RO          832    i.tcp_create_segment  lwiplib.o
    0x00007b0c   0x000000ec   Code   RO          835    i.tcp_enqueue_flags  lwiplib.o
    0x00007bf8   0x000000c0   Code   RO          837    i.tcp_fasttmr       lwiplib.o
    0x00007cb8   0x000005a4   Code   RO          839    i.tcp_input         lwiplib.o
    0x0000825c   0x000000b8   Code   RO          841    i.tcp_listen_with_backlog  lwiplib.o
    0x00008314   0x00000006   Code   RO          842    i.tcp_new           lwiplib.o
    0x0000831a   0x00000002   PAD
    0x0000831c   0x00000284   Code   RO          844    i.tcp_output        lwiplib.o
    0x000085a0   0x0000008e   Code   RO          845    i.tcp_pcb_purge     lwiplib.o
    0x0000862e   0x00000002   PAD
    0x00008630   0x0000005c   Code   RO          846    i.tcp_pcb_remove    lwiplib.o
    0x0000868c   0x00000498   Code   RO          848    i.tcp_process       lwiplib.o
    0x00008b24   0x00000070   Code   RO          849    i.tcp_process_refused_data  lwiplib.o
    0x00008b94   0x00000af8   Code   RO          850    i.tcp_receive       lwiplib.o
    0x0000968c   0x00000006   Code   RO          851    i.tcp_recv          lwiplib.o
    0x00009692   0x0000008c   Code   RO          852    i.tcp_recv_null     lwiplib.o
    0x0000971e   0x00000066   Code   RO          853    i.tcp_recved        lwiplib.o
    0x00009784   0x0000009c   Code   RO          857    i.tcp_rst           lwiplib.o
    0x00009820   0x0000003c   Code   RO          858    i.tcp_seg_copy      lwiplib.o
    0x0000985c   0x000000a4   Code   RO          861    i.tcp_send_empty_ack  lwiplib.o
    0x00009900   0x00000004   Code   RO          863    i.tcp_sent          lwiplib.o
    0x00009904   0x000003e4   Code   RO          866    i.tcp_slowtmr       lwiplib.o
    0x00009ce8   0x00000024   Code   RO          868    i.tcp_tmr           lwiplib.o
    0x00009d0c   0x000004c4   Code   RO          870    i.tcp_write         lwiplib.o
    0x0000a1d0   0x00000144   Code   RO          871    i.tcp_zero_window_probe  lwiplib.o
    0x0000a314   0x0000011c   Code   RO          431    i.tcpip_connected_callback  inet.o
    0x0000a430   0x00000270   Code   RO          432    i.tcpip_init        inet.o
    0x0000a6a0   0x00000174   Code   RO          433    i.tcpip_recv_callback  inet.o
    0x0000a814   0x00000038   Code   RO          435    i.tcpip_reply_formatted  inet.o
    0x0000a84c   0x00000028   Code   RO          436    i.tcpip_sent_callback  inet.o
    0x0000a874   0x000001b0   Code   RO          437    i.tcpip_start_listen  inet.o
    0x0000aa24   0x00000030   Code   RO          872    i.tcpip_tcp_timer   lwiplib.o
    0x0000aa54   0x000000e8   Code   RO          874    i.tivaif_init       lwiplib.o
    0x0000ab3c   0x000002f0   Code   RO          875    i.tivaif_interrupt  lwiplib.o
    0x0000ae2c   0x00000190   Code   RO          877    i.tivaif_transmit   lwiplib.o
    0x0000afbc   0x000000b4   Code   RO          878    i.udp_bind          lwiplib.o
    0x0000b070   0x000001e8   Code   RO          883    i.udp_input         lwiplib.o
    0x0000b258   0x00000110   Code   RO          889    i.udp_sendto_if     lwiplib.o
    0x0000b368   0x0000002c   Code   RO         4511    locale$$code        c_w.l(lc_ctype_c.o)
    0x0000b394   0x0000002c   Code   RO         4543    locale$$code        c_w.l(lc_numeric_c.o)
    0x0000b3c0   0x0000000a   Code   RO         4607    x$fpl$fpinit        fz_wm.l(fpinit.o)
    0x0000b3ca   0x00000004   Code   RO         4459    x$fpl$printf1       fz_wm.l(printf1.o)
    0x0000b3ce   0x00000004   Code   RO         4461    x$fpl$printf2       fz_wm.l(printf2.o)
    0x0000b3d2   0x00000000   Code   RO         4600    x$fpl$usenofp       fz_wm.l(usenofp.o)
    0x0000b3d2   0x00000002   PAD
    0x0000b3d4   0x0000001c   Data   RO          111    .constdata          uartstdio.o
    0x0000b3f0   0x00000334   Data   RO          183    .constdata          dispctl.o
    0x0000b724   0x0000012c   Data   RO          440    .constdata          inet.o
    0x0000b850   0x000000a8   Data   RO          892    .constdata          lwiplib.o
    0x0000b8f8   0x00000018   Data   RO         2259    .constdata          driverlib.lib(emac.o)
    0x0000b910   0x00000210   Data   RO         2822    .constdata          driverlib.lib(gpio.o)
    0x0000bb20   0x0000010c   Data   RO         3083    .constdata          driverlib.lib(interrupt.o)
    0x0000bc2c   0x00000254   Data   RO         3390    .constdata          driverlib.lib(sysctl.o)
    0x0000be80   0x00000008   Data   RO         4381    .constdata          c_w.l(_printf_wctomb.o)
    0x0000be88   0x00000028   Data   RO         4410    .constdata          c_w.l(_printf_hex_int_ll_ptr.o)
    0x0000beb0   0x00000011   Data   RO         4430    .constdata          c_w.l(__printf_flags_ss_wp.o)
    0x0000bec1   0x00000026   Data   RO         4497    .constdata          c_w.l(_printf_fp_hex.o)
    0x0000bee7   0x00000001   PAD
    0x0000bee8   0x00000094   Data   RO         4518    .constdata          c_w.l(bigflt0.o)
    0x0000bf7c   0x00000011   Data   RO          112    .conststring        uartstdio.o
    0x0000bf8d   0x00000003   PAD
    0x0000bf90   0x000003fd   Data   RO          441    .conststring        inet.o
    0x0000c38d   0x00000003   PAD
    0x0000c390   0x000001f0   Data   RO          893    .conststring        lwiplib.o
    0x0000c580   0x00000020   Data   RO         4681    Region$$Table       anon$$obj.o
    0x0000c5a0   0x00000110   Data   RO         4510    locale$$data        c_w.l(lc_ctype_c.o)
    0x0000c6b0   0x0000001c   Data   RO         4542    locale$$data        c_w.l(lc_numeric_c.o)


    Execution Region RW_IRAM (Base: 0x20000000, Size: 0x00024de0, Max: 0x00040000, ABSOLUTE, COMPRESSED[0x00000064])

    Base Addr    Size         Type   Attr      Idx    E Section Name        Object

    0x20000000   0x00000008   Data   RW          113    .data               uartstdio.o
    0x20000008   0x00000070   Data   RW          185    .data               dispctl.o
    0x20000078   0x00000010   Data   RW          442    .data               inet.o
    0x20000088   0x00000120   Data   RW          894    .data               lwiplib.o
    0x200001a8   0x00000010   Data   RW          895    .data               lwiplib.o
    0x200001b8   0x00004100   Zero   RW          182    .bss                dispctl.o
    0x200042b8   0x0000805c   Zero   RW          438    .bss                inet.o
    0x2000c314   0x00017a6c   Zero   RW          890    .bss                lwiplib.o
    0x20023d80   0x00000060   Zero   RW         4468    .bss                c_w.l(libspace.o)
    0x20023de0   0x00000000   Zero   RW           97    HEAP                startup_rvmdk.o
    0x20023de0   0x00001000   Zero   RW           96    STACK               startup_rvmdk.o


==============================================================================

Image component sizes


      Code (inc. data)   RO Data    RW Data    ZI Data      Debug   Object Name

      2824        280        820        112      16640      16806   dispctl.o
       632        356          0          0          0      21659   hal.o
      3610       1708       1321         16      32860      14909   inet.o
     26926        834        664        304      96876     179667   lwiplib.o
        32         14          0          0          0       6279   project0.o
       564        528          0          0       4096        540   startup_rvmdk.o
       770         34         45          8          0       5208   uartstdio.o

    ----------------------------------------------------------------------
     35376       3754       2888        440     150472     245068   Object Totals
         0          0         32          0          0          0   (incl. Generated)
        18          0          6          0          0          0   (incl. Padding)

    ----------------------------------------------------------------------

      Code (inc. data)   RO Data    RW Data    ZI Data      Debug   Library Member Name

        90          0          0          0          0          0   __dczerorl2.o
         8          0          0          0          0         68   __main.o
       392          4         17          0          0         92   __printf_flags_ss_wp.o
        14          0          0          0          0         68   __printf_wp.o
         0          0          0          0          0          0   __rtentry.o
        12          0          0          0          0          0   __rtentry2.o
         6          0          0          0          0          0   __rtentry4.o
        52          8          0          0          0          0   __scatter.o
        28          0          0          0          0          0   __scatter_zi.o
        28          0          0          0          0         68   _chval.o
         6          0          0          0          0          0   _printf_a.o
         6          0          0          0          0          0   _printf_c.o
        44          0          0          0          0        108   _printf_char.o
        48          6          0          0          0         96   _printf_char_common.o
        40          0          0          0          0         68   _printf_charcount.o
         6          0          0          0          0          0   _printf_d.o
       120         16          0          0          0         92   _printf_dec.o
         6          0          0          0          0          0   _printf_e.o
         6          0          0          0          0          0   _printf_f.o
      1050          0          0          0          0        216   _printf_fp_dec.o
       764         10         38          0          0        100   _printf_fp_hex.o
       128         16          0          0          0         84   _printf_fp_infnan.o
         6          0          0          0          0          0   _printf_g.o
       148          4         40          0          0        160   _printf_hex_int_ll_ptr.o
         6          0          0          0          0          0   _printf_i.o
       178          0          0          0          0         88   _printf_intcommon.o
        10          0          0          0          0          0   _printf_l.o
         6          0          0          0          0          0   _printf_lc.o
        10          0          0          0          0          0   _printf_ll.o
         6          0          0          0          0          0   _printf_lld.o
         6          0          0          0          0          0   _printf_lli.o
         6          0          0          0          0          0   _printf_llo.o
         6          0          0          0          0          0   _printf_llu.o
         6          0          0          0          0          0   _printf_llx.o
       124         16          0          0          0         92   _printf_longlong_dec.o
         6          0          0          0          0          0   _printf_ls.o
         6          0          0          0          0          0   _printf_n.o
         6          0          0          0          0          0   _printf_o.o
       112          8          0          0          0        124   _printf_oct_int_ll.o
         6          0          0          0          0          0   _printf_p.o
        78          0          0          0          0        108   _printf_pad.o
         0          0          0          0          0          0   _printf_percent.o
         4          0          0          0          0          0   _printf_percent_end.o
         6          0          0          0          0          0   _printf_s.o
        82          0          0          0          0         80   _printf_str.o
        36          0          0          0          0         84   _printf_truncate.o
         6          0          0          0          0          0   _printf_u.o
        44          0          0          0          0        108   _printf_wchar.o
       188          6          8          0          0         92   _printf_wctomb.o
         6          0          0          0          0          0   _printf_x.o
        16          0          0          0          0         68   _snputc.o
        10          0          0          0          0         68   _sputc.o
       158          0          0          0          0         92   _strtoul.o
        64          0          0          0          0         92   _wcrtomb.o
       220          4        148          0          0         96   bigflt0.o
      1910        128          0          0          0        672   btod.o
        12          0          0          0          0         72   exit.o
         6          0          0          0          0        152   heapauxi.o
         0          0          0          0          0          0   indicate_semi.o
        44         10        272          0          0         76   lc_ctype_c.o
        44         10         28          0          0         76   lc_numeric_c.o
         2          0          0          0          0          0   libinit.o
        34          0          0          0          0          0   libinit2.o
         2          0          0          0          0          0   libshutdown.o
         2          0          0          0          0          0   libshutdown2.o
         8          4          0          0         96         68   libspace.o
       138          0          0          0          0         80   lludiv10.o
        88          0          0          0          0         76   memcmp.o
        16          4          0          0          0         76   rt_ctype_table.o
         8          4          0          0          0         68   rt_errno_addr_intlibspace.o
         8          4          0          0          0         68   rt_locale_intlibspace.o
        68          0          0          0          0         68   rt_memclr.o
        78          0          0          0          0         80   rt_memclr_w.o
       138          0          0          0          0         68   rt_memcpy_v6.o
       100          0          0          0          0         80   rt_memcpy_w.o
         2          0          0          0          0          0   rtexit.o
        10          0          0          0          0          0   rtexit2.o
       128          0          0          0          0         68   strcmpv7m.o
        62          0          0          0          0         76   strlen.o
       112          0          0          0          0         88   strtol.o
        12          4          0          0          0         68   sys_exit.o
        74          0          0          0          0         80   sys_stackheap_outer.o
        26          0          0          0          0         76   tolower.o
         2          0          0          0          0         68   use_no_semi.o
        52          4          0          0          0         80   vsnprintf.o
        38          0          0          0          0        572   cpu.o
       778         38         24          0          0      31770   emac.o
        24          6          0          0          0       1031   flash.o
       510          8        528          0          0       5153   gpio.o
       168         12        268          0          0       3090   interrupt.o
        90          0          0          0          0       2185   ssi.o
       970         76        596          0          0       7354   sysctl.o
        38          0          0          0          0       1410   systick.o
       192          8          0          0          0       4137   timer.o
       142          0          0          0          0       2489   uart.o
        10          0          0          0          0        116   fpinit.o
         4          0          0          0          0        116   printf1.o
         4          0          0          0          0        116   printf2.o
         0          0          0          0          0          0   usenofp.o
        48          0          0          0          0        124   fpclassify.o

    ----------------------------------------------------------------------
     10660        418       1968          0         96      64459   Library Totals
        32          0          1          0          0          0   (incl. Padding)

    ----------------------------------------------------------------------

      Code (inc. data)   RO Data    RW Data    ZI Data      Debug   Library Name

      7612        270        551          0         96       4796   c_w.l
      2950        148       1416          0          0      59191   driverlib.lib
        18          0          0          0          0        348   fz_wm.l
        48          0          0          0          0        124   m_wm.l

    ----------------------------------------------------------------------
     10660        418       1968          0         96      64459   Library Totals

    ----------------------------------------------------------------------

==============================================================================


      Code (inc. data)   RO Data    RW Data    ZI Data      Debug   

     46036       4172       4856        440     150568     287723   Grand Totals
     46036       4172       4856        100     150568     287723   ELF Image Totals (compressed)
     46036       4172       4856        100          0          0   ROM Totals

==============================================================================

    Total RO  Size (Code + RO Data)                50892 (  49.70kB)
    Total RW  Size (RW Data + ZI Data)            151008 ( 147.47kB)
    Total ROM Size (Code + RO Data + RW Data)      50992 (  49.80kB)

==============================================================================

